Archive member included to satisfy reference by file (symbol)

/home/nomad/st/stm32cubeide_1.6.1/plugins/com.st.stm32cube.ide.mcu.externaltools.gnu-tools-for-stm32.9-2020-q2-update.linux64_1.5.0.202011040924/tools/bin/../lib/gcc/arm-none-eabi/9.3.1/../../../../arm-none-eabi/lib/thumb/v7e-m+fp/hard/libc_nano.a(lib_a-errno.o)
                              Core/Src/syscalls.o (__errno)
/home/nomad/st/stm32cubeide_1.6.1/plugins/com.st.stm32cube.ide.mcu.externaltools.gnu-tools-for-stm32.9-2020-q2-update.linux64_1.5.0.202011040924/tools/bin/../lib/gcc/arm-none-eabi/9.3.1/../../../../arm-none-eabi/lib/thumb/v7e-m+fp/hard/libc_nano.a(lib_a-exit.o)
                              /home/nomad/st/stm32cubeide_1.6.1/plugins/com.st.stm32cube.ide.mcu.externaltools.gnu-tools-for-stm32.9-2020-q2-update.linux64_1.5.0.202011040924/tools/bin/../lib/gcc/arm-none-eabi/9.3.1/../../../../arm-none-eabi/lib/thumb/v7e-m+fp/hard/crt0.o (exit)
/home/nomad/st/stm32cubeide_1.6.1/plugins/com.st.stm32cube.ide.mcu.externaltools.gnu-tools-for-stm32.9-2020-q2-update.linux64_1.5.0.202011040924/tools/bin/../lib/gcc/arm-none-eabi/9.3.1/../../../../arm-none-eabi/lib/thumb/v7e-m+fp/hard/libc_nano.a(lib_a-impure.o)
                              /home/nomad/st/stm32cubeide_1.6.1/plugins/com.st.stm32cube.ide.mcu.externaltools.gnu-tools-for-stm32.9-2020-q2-update.linux64_1.5.0.202011040924/tools/bin/../lib/gcc/arm-none-eabi/9.3.1/../../../../arm-none-eabi/lib/thumb/v7e-m+fp/hard/libc_nano.a(lib_a-exit.o) (_global_impure_ptr)
/home/nomad/st/stm32cubeide_1.6.1/plugins/com.st.stm32cube.ide.mcu.externaltools.gnu-tools-for-stm32.9-2020-q2-update.linux64_1.5.0.202011040924/tools/bin/../lib/gcc/arm-none-eabi/9.3.1/../../../../arm-none-eabi/lib/thumb/v7e-m+fp/hard/libc_nano.a(lib_a-init.o)
                              /home/nomad/st/stm32cubeide_1.6.1/plugins/com.st.stm32cube.ide.mcu.externaltools.gnu-tools-for-stm32.9-2020-q2-update.linux64_1.5.0.202011040924/tools/bin/../lib/gcc/arm-none-eabi/9.3.1/../../../../arm-none-eabi/lib/thumb/v7e-m+fp/hard/crt0.o (__libc_init_array)
/home/nomad/st/stm32cubeide_1.6.1/plugins/com.st.stm32cube.ide.mcu.externaltools.gnu-tools-for-stm32.9-2020-q2-update.linux64_1.5.0.202011040924/tools/bin/../lib/gcc/arm-none-eabi/9.3.1/../../../../arm-none-eabi/lib/thumb/v7e-m+fp/hard/libc_nano.a(lib_a-memset.o)
                              /home/nomad/st/stm32cubeide_1.6.1/plugins/com.st.stm32cube.ide.mcu.externaltools.gnu-tools-for-stm32.9-2020-q2-update.linux64_1.5.0.202011040924/tools/bin/../lib/gcc/arm-none-eabi/9.3.1/../../../../arm-none-eabi/lib/thumb/v7e-m+fp/hard/crt0.o (memset)
/home/nomad/st/stm32cubeide_1.6.1/plugins/com.st.stm32cube.ide.mcu.externaltools.gnu-tools-for-stm32.9-2020-q2-update.linux64_1.5.0.202011040924/tools/bin/../lib/gcc/arm-none-eabi/9.3.1/../../../../arm-none-eabi/lib/thumb/v7e-m+fp/hard/libc_nano.a(lib_a-nano-vfprintf_float.o)
                              (_printf_float)
/home/nomad/st/stm32cubeide_1.6.1/plugins/com.st.stm32cube.ide.mcu.externaltools.gnu-tools-for-stm32.9-2020-q2-update.linux64_1.5.0.202011040924/tools/bin/../lib/gcc/arm-none-eabi/9.3.1/../../../../arm-none-eabi/lib/thumb/v7e-m+fp/hard/libc_nano.a(lib_a-nano-vfprintf_i.o)
                              /home/nomad/st/stm32cubeide_1.6.1/plugins/com.st.stm32cube.ide.mcu.externaltools.gnu-tools-for-stm32.9-2020-q2-update.linux64_1.5.0.202011040924/tools/bin/../lib/gcc/arm-none-eabi/9.3.1/../../../../arm-none-eabi/lib/thumb/v7e-m+fp/hard/libc_nano.a(lib_a-nano-vfprintf_float.o) (_printf_common)
/home/nomad/st/stm32cubeide_1.6.1/plugins/com.st.stm32cube.ide.mcu.externaltools.gnu-tools-for-stm32.9-2020-q2-update.linux64_1.5.0.202011040924/tools/bin/../lib/gcc/arm-none-eabi/9.3.1/../../../../arm-none-eabi/lib/thumb/v7e-m+fp/hard/libc_nano.a(lib_a-nano-vfscanf_float.o)
                              (_scanf_float)
/home/nomad/st/stm32cubeide_1.6.1/plugins/com.st.stm32cube.ide.mcu.externaltools.gnu-tools-for-stm32.9-2020-q2-update.linux64_1.5.0.202011040924/tools/bin/../lib/gcc/arm-none-eabi/9.3.1/../../../../arm-none-eabi/lib/thumb/v7e-m+fp/hard/libc_nano.a(lib_a-sf_nan.o)
                              /home/nomad/st/stm32cubeide_1.6.1/plugins/com.st.stm32cube.ide.mcu.externaltools.gnu-tools-for-stm32.9-2020-q2-update.linux64_1.5.0.202011040924/tools/bin/../lib/gcc/arm-none-eabi/9.3.1/../../../../arm-none-eabi/lib/thumb/v7e-m+fp/hard/libc_nano.a(lib_a-nano-vfscanf_float.o) (nanf)
/home/nomad/st/stm32cubeide_1.6.1/plugins/com.st.stm32cube.ide.mcu.externaltools.gnu-tools-for-stm32.9-2020-q2-update.linux64_1.5.0.202011040924/tools/bin/../lib/gcc/arm-none-eabi/9.3.1/../../../../arm-none-eabi/lib/thumb/v7e-m+fp/hard/libc_nano.a(lib_a-snprintf.o)
                              Core/Src/main.o (snprintf)
[...]
Memory Configuration

Name             Origin             Length             Attributes
RAM              0x0000000020000000 0x0000000000020000 xrw
FLASH            0x0000000008000000 0x0000000000080000 xr
*default*        0x0000000000000000 0xffffffffffffffff

Linker script and memory map

LOAD /home/nomad/st/stm32cubeide_1.6.1/plugins/com.st.stm32cube.ide.mcu.externaltools.gnu-tools-for-stm32.9-2020-q2-update.linux64_1.5.0.202011040924/tools/bin/../lib/gcc/arm-none-eabi/9.3.1/thumb/v7e-m+fp/hard/crti.o
LOAD /home/nomad/st/stm32cubeide_1.6.1/plugins/com.st.stm32cube.ide.mcu.externaltools.gnu-tools-for-stm32.9-2020-q2-update.linux64_1.5.0.202011040924/tools/bin/../lib/gcc/arm-none-eabi/9.3.1/thumb/v7e-m+fp/hard/crtbegin.o
LOAD /home/nomad/st/stm32cubeide_1.6.1/plugins/com.st.stm32cube.ide.mcu.externaltools.gnu-tools-for-stm32.9-2020-q2-update.linux64_1.5.0.202011040924/tools/bin/../lib/gcc/arm-none-eabi/9.3.1/../../../../arm-none-eabi/lib/thumb/v7e-m+fp/hard/crt0.o
LOAD Core/Src/BH1750_Driver.o
LOAD Core/Src/StepperDriver.o
LOAD Core/Src/TCA9548A_Driver.o
LOAD Core/Src/main.o
LOAD Core/Src/stm32f4xx_hal_msp.o
LOAD Core/Src/stm32f4xx_it.o
LOAD Core/Src/syscalls.o
LOAD Core/Src/sysmem.o
LOAD Core/Src/system_stm32f4xx.o
LOAD Core/Startup/startup_stm32f411vetx.o
LOAD Drivers/STM32F4xx_HAL_Driver/Src/stm32f4xx_hal.o
LOAD Drivers/STM32F4xx_HAL_Driver/Src/stm32f4xx_hal_cortex.o
LOAD Drivers/STM32F4xx_HAL_Driver/Src/stm32f4xx_hal_dma.o
LOAD Drivers/STM32F4xx_HAL_Driver/Src/stm32f4xx_hal_dma_ex.o
LOAD Drivers/STM32F4xx_HAL_Driver/Src/stm32f4xx_hal_exti.o
LOAD Drivers/STM32F4xx_HAL_Driver/Src/stm32f4xx_hal_flash.o
LOAD Drivers/STM32F4xx_HAL_Driver/Src/stm32f4xx_hal_flash_ex.o
LOAD Drivers/STM32F4xx_HAL_Driver/Src/stm32f4xx_hal_flash_ramfunc.o
LOAD Drivers/STM32F4xx_HAL_Driver/Src/stm32f4xx_hal_gpio.o
LOAD Drivers/STM32F4xx_HAL_Driver/Src/stm32f4xx_hal_i2c.o
LOAD Drivers/STM32F4xx_HAL_Driver/Src/stm32f4xx_hal_i2c_ex.o
LOAD Drivers/STM32F4xx_HAL_Driver/Src/stm32f4xx_hal_pwr.o
LOAD Drivers/STM32F4xx_HAL_Driver/Src/stm32f4xx_hal_pwr_ex.o
LOAD Drivers/STM32F4xx_HAL_Driver/Src/stm32f4xx_hal_rcc.o
LOAD Drivers/STM32F4xx_HAL_Driver/Src/stm32f4xx_hal_rcc_ex.o
LOAD Drivers/STM32F4xx_HAL_Driver/Src/stm32f4xx_hal_tim.o
LOAD Drivers/STM32F4xx_HAL_Driver/Src/stm32f4xx_hal_tim_ex.o
LOAD Drivers/STM32F4xx_HAL_Driver/Src/stm32f4xx_hal_uart.o
START GROUP
LOAD /home/nomad/st/stm32cubeide_1.6.1/plugins/com.st.stm32cube.ide.mcu.externaltools.gnu-tools-for-stm32.9-2020-q2-update.linux64_1.5.0.202011040924/tools/bin/../lib/gcc/arm-none-eabi/9.3.1/../../../../arm-none-eabi/lib/thumb/v7e-m+fp/hard/libc_nano.a
LOAD /home/nomad/st/stm32cubeide_1.6.1/plugins/com.st.stm32cube.ide.mcu.externaltools.gnu-tools-for-stm32.9-2020-q2-update.linux64_1.5.0.202011040924/tools/bin/../lib/gcc/arm-none-eabi/9.3.1/../../../../arm-none-eabi/lib/thumb/v7e-m+fp/hard/libm.a
END GROUP
START GROUP
LOAD /home/nomad/st/stm32cubeide_1.6.1/plugins/com.st.stm32cube.ide.mcu.externaltools.gnu-tools-for-stm32.9-2020-q2-update.linux64_1.5.0.202011040924/tools/bin/../lib/gcc/arm-none-eabi/9.3.1/thumb/v7e-m+fp/hard/libgcc.a
LOAD /home/nomad/st/stm32cubeide_1.6.1/plugins/com.st.stm32cube.ide.mcu.externaltools.gnu-tools-for-stm32.9-2020-q2-update.linux64_1.5.0.202011040924/tools/bin/../lib/gcc/arm-none-eabi/9.3.1/../../../../arm-none-eabi/lib/thumb/v7e-m+fp/hard/libc_nano.a
END GROUP
START GROUP
LOAD /home/nomad/st/stm32cubeide_1.6.1/plugins/com.st.stm32cube.ide.mcu.externaltools.gnu-tools-for-stm32.9-2020-q2-update.linux64_1.5.0.202011040924/tools/bin/../lib/gcc/arm-none-eabi/9.3.1/thumb/v7e-m+fp/hard/libgcc.a
LOAD /home/nomad/st/stm32cubeide_1.6.1/plugins/com.st.stm32cube.ide.mcu.externaltools.gnu-tools-for-stm32.9-2020-q2-update.linux64_1.5.0.202011040924/tools/bin/../lib/gcc/arm-none-eabi/9.3.1/../../../../arm-none-eabi/lib/thumb/v7e-m+fp/hard/libc_nano.a
LOAD /home/nomad/st/stm32cubeide_1.6.1/plugins/com.st.stm32cube.ide.mcu.externaltools.gnu-tools-for-stm32.9-2020-q2-update.linux64_1.5.0.202011040924/tools/bin/../lib/gcc/arm-none-eabi/9.3.1/../../../../arm-none-eabi/lib/thumb/v7e-m+fp/hard/libnosys.a
END GROUP
START GROUP
LOAD /home/nomad/st/stm32cubeide_1.6.1/plugins/com.st.stm32cube.ide.mcu.externaltools.gnu-tools-for-stm32.9-2020-q2-update.linux64_1.5.0.202011040924/tools/bin/../lib/gcc/arm-none-eabi/9.3.1/thumb/v7e-m+fp/hard/libgcc.a
LOAD /home/nomad/st/stm32cubeide_1.6.1/plugins/com.st.stm32cube.ide.mcu.externaltools.gnu-tools-for-stm32.9-2020-q2-update.linux64_1.5.0.202011040924/tools/bin/../lib/gcc/arm-none-eabi/9.3.1/../../../../arm-none-eabi/lib/thumb/v7e-m+fp/hard/libc_nano.a
LOAD /home/nomad/st/stm32cubeide_1.6.1/plugins/com.st.stm32cube.ide.mcu.externaltools.gnu-tools-for-stm32.9-2020-q2-update.linux64_1.5.0.202011040924/tools/bin/../lib/gcc/arm-none-eabi/9.3.1/../../../../arm-none-eabi/lib/thumb/v7e-m+fp/hard/libnosys.a
END GROUP
LOAD /home/nomad/st/stm32cubeide_1.6.1/plugins/com.st.stm32cube.ide.mcu.externaltools.gnu-tools-for-stm32.9-2020-q2-update.linux64_1.5.0.202011040924/tools/bin/../lib/gcc/arm-none-eabi/9.3.1/thumb/v7e-m+fp/hard/crtend.o
LOAD /home/nomad/st/stm32cubeide_1.6.1/plugins/com.st.stm32cube.ide.mcu.externaltools.gnu-tools-for-stm32.9-2020-q2-update.linux64_1.5.0.202011040924/tools/bin/../lib/gcc/arm-none-eabi/9.3.1/thumb/v7e-m+fp/hard/crtn.o
                0x0000000020020000                _estack = (ORIGIN (RAM) + LENGTH (RAM))
                0x0000000000000200                _Min_Heap_Size = 0x200
                0x0000000000000400                _Min_Stack_Size = 0x400

.isr_vector     0x0000000008000000      0x198
                0x0000000008000000                . = ALIGN (0x4)
 *(.isr_vector)
 .isr_vector    0x0000000008000000      0x198 Core/Startup/startup_stm32f411vetx.o
                0x0000000008000000                g_pfnVectors
                0x0000000008000198                . = ALIGN (0x4)

.text           0x00000000080001a0     0x9e78
                0x00000000080001a0                . = ALIGN (0x4)
 *(.text)
 .text          0x00000000080001a0       0x40 /home/nomad/st/stm32cubeide_1.6.1/plugins/com.st.stm32cube.ide.mcu.externaltools.gnu-tools-for-stm32.9-2020-q2-update.linux64_1.5.0.202011040924/tools/bin/../lib/gcc/arm-none-eabi/9.3.1/thumb/v7e-m+fp/hard/crtbegin.o
 .text          0x00000000080001e0       0x10 /home/nomad/st/stm32cubeide_1.6.1/plugins/com.st.stm32cube.ide.mcu.externaltools.gnu-tools-for-stm32.9-2020-q2-update.linux64_1.5.0.202011040924/tools/bin/../lib/gcc/arm-none-eabi/9.3.1/../../../../arm-none-eabi/lib/thumb/v7e-m+fp/hard/libc_nano.a(lib_a-strlen.o)
                0x00000000080001e0                strlen
 .text          0x00000000080001f0       0xa0 /home/nomad/st/stm32cubeide_1.6.1/plugins/com.st.stm32cube.ide.mcu.externaltools.gnu-tools-for-stm32.9-2020-q2-update.linux64_1.5.0.202011040924/tools/bin/../lib/gcc/arm-none-eabi/9.3.1/../../../../arm-none-eabi/lib/thumb/v7e-m+fp/hard/libc_nano.a(lib_a-memchr.o)
                0x00000000080001f0                memchr
 .text          0x0000000008000290      0x378 /home/nomad/st/stm32cubeide_1.6.1/plugins/com.st.stm32cube.ide.mcu.externaltools.gnu-tools-for-stm32.9-2020-q2-update.linux64_1.5.0.202011040924/tools/bin/../lib/gcc/arm-none-eabi/9.3.1/thumb/v7e-m+fp/hard/libgcc.a(_arm_addsubdf3.o)
                0x0000000008000290                __aeabi_drsub
                0x0000000008000298                __aeabi_dsub
                0x0000000008000298                __subdf3
                0x000000000800029c                __adddf3
                0x000000000800029c                __aeabi_dadd
                0x0000000008000514                __aeabi_ui2d
                0x0000000008000514                __floatunsidf
                0x0000000008000534                __floatsidf
                0x0000000008000534                __aeabi_i2d
                0x0000000008000558                __extendsfdf2
                0x0000000008000558                __aeabi_f2d
                0x000000000800059c                __aeabi_ul2d
                0x000000000800059c                __floatundidf
                0x00000000080005ac                __floatdidf
                0x00000000080005ac                __aeabi_l2d
 .text          0x0000000008000608      0x424 /home/nomad/st/stm32cubeide_1.6.1/plugins/com.st.stm32cube.ide.mcu.externaltools.gnu-tools-for-stm32.9-2020-q2-update.linux64_1.5.0.202011040924/tools/bin/../lib/gcc/arm-none-eabi/9.3.1/thumb/v7e-m+fp/hard/libgcc.a(_arm_muldivdf3.o)
                0x0000000008000608                __aeabi_dmul
                0x0000000008000608                __muldf3
                0x000000000800085c                __aeabi_ddiv
                0x000000000800085c                __divdf3
 .text          0x0000000008000a2c      0x110 /home/nomad/st/stm32cubeide_1.6.1/plugins/com.st.stm32cube.ide.mcu.externaltools.gnu-tools-for-stm32.9-2020-q2-update.linux64_1.5.0.202011040924/tools/bin/../lib/gcc/arm-none-eabi/9.3.1/thumb/v7e-m+fp/hard/libgcc.a(_arm_cmpdf2.o)
                0x0000000008000a2c                __gtdf2
                0x0000000008000a2c                __gedf2
                0x0000000008000a34                __ltdf2
                0x0000000008000a34                __ledf2
                0x0000000008000a3c                __cmpdf2
                0x0000000008000a3c                __eqdf2
                0x0000000008000a3c                __nedf2
                0x0000000008000ab8                __aeabi_cdrcmple
                0x0000000008000ac8                __aeabi_cdcmple
                0x0000000008000ac8                __aeabi_cdcmpeq
                0x0000000008000ad8                __aeabi_dcmpeq
                0x0000000008000aec                __aeabi_dcmplt
                0x0000000008000b00                __aeabi_dcmple
                0x0000000008000b14                __aeabi_dcmpge
                0x0000000008000b28                __aeabi_dcmpgt
 .text          0x0000000008000b3c       0x2c /home/nomad/st/stm32cubeide_1.6.1/plugins/com.st.stm32cube.ide.mcu.externaltools.gnu-tools-for-stm32.9-2020-q2-update.linux64_1.5.0.202011040924/tools/bin/../lib/gcc/arm-none-eabi/9.3.1/thumb/v7e-m+fp/hard/libgcc.a(_arm_unorddf2.o)
                0x0000000008000b3c                __aeabi_dcmpun
                0x0000000008000b3c                __unorddf2
 .text          0x0000000008000b68       0x50 /home/nomad/st/stm32cubeide_1.6.1/plugins/com.st.stm32cube.ide.mcu.externaltools.gnu-tools-for-stm32.9-2020-q2-update.linux64_1.5.0.202011040924/tools/bin/../lib/gcc/arm-none-eabi/9.3.1/thumb/v7e-m+fp/hard/libgcc.a(_arm_fixdfsi.o)
                0x0000000008000b68                __fixdfsi
                0x0000000008000b68                __aeabi_d2iz
 .text          0x0000000008000bb8       0x40 /home/nomad/st/stm32cubeide_1.6.1/plugins/com.st.stm32cube.ide.mcu.externaltools.gnu-tools-for-stm32.9-2020-q2-update.linux64_1.5.0.202011040924/tools/bin/../lib/gcc/arm-none-eabi/9.3.1/thumb/v7e-m+fp/hard/libgcc.a(_arm_fixunsdfsi.o)
                0x0000000008000bb8                __fixunsdfsi
                0x0000000008000bb8                __aeabi_d2uiz
 .text          0x0000000008000bf8       0xa0 /home/nomad/st/stm32cubeide_1.6.1/plugins/com.st.stm32cube.ide.mcu.externaltools.gnu-tools-for-stm32.9-2020-q2-update.linux64_1.5.0.202011040924/tools/bin/../lib/gcc/arm-none-eabi/9.3.1/thumb/v7e-m+fp/hard/libgcc.a(_arm_truncdfsf2.o)
                0x0000000008000bf8                __aeabi_d2f
                0x0000000008000bf8                __truncdfsf2
 .text          0x0000000008000c98       0x30 /home/nomad/st/stm32cubeide_1.6.1/plugins/com.st.stm32cube.ide.mcu.externaltools.gnu-tools-for-stm32.9-2020-q2-update.linux64_1.5.0.202011040924/tools/bin/../lib/gcc/arm-none-eabi/9.3.1/thumb/v7e-m+fp/hard/libgcc.a(_aeabi_uldivmod.o)
                0x0000000008000c98                __aeabi_uldivmod
 .text          0x0000000008000cc8       0x30 /home/nomad/st/stm32cubeide_1.6.1/plugins/com.st.stm32cube.ide.mcu.externaltools.gnu-tools-for-stm32.9-2020-q2-update.linux64_1.5.0.202011040924/tools/bin/../lib/gcc/arm-none-eabi/9.3.1/thumb/v7e-m+fp/hard/libgcc.a(_fixdfdi.o)
                0x0000000008000cc8                __aeabi_d2lz
                0x0000000008000cc8                __fixdfdi
 .text          0x0000000008000cf8       0x3c /home/nomad/st/stm32cubeide_1.6.1/plugins/com.st.stm32cube.ide.mcu.externaltools.gnu-tools-for-stm32.9-2020-q2-update.linux64_1.5.0.202011040924/tools/bin/../lib/gcc/arm-none-eabi/9.3.1/thumb/v7e-m+fp/hard/libgcc.a(_fixunsdfdi.o)
                0x0000000008000cf8                __aeabi_d2ulz
                0x0000000008000cf8                __fixunsdfdi
 .text          0x0000000008000d34      0x2c4 /home/nomad/st/stm32cubeide_1.6.1/plugins/com.st.stm32cube.ide.mcu.externaltools.gnu-tools-for-stm32.9-2020-q2-update.linux64_1.5.0.202011040924/tools/bin/../lib/gcc/arm-none-eabi/9.3.1/thumb/v7e-m+fp/hard/libgcc.a(_udivmoddi4.o)
                0x0000000008000d34                __udivmoddi4
 .text          0x0000000008000ff8        0x4 /home/nomad/st/stm32cubeide_1.6.1/plugins/com.st.stm32cube.ide.mcu.externaltools.gnu-tools-for-stm32.9-2020-q2-update.linux64_1.5.0.202011040924/tools/bin/../lib/gcc/arm-none-eabi/9.3.1/thumb/v7e-m+fp/hard/libgcc.a(_dvmd_tls.o)
                0x0000000008000ff8                __aeabi_ldiv0
                0x0000000008000ff8                __aeabi_idiv0
 *(.text*)
 .text.BH1750_Init
                0x0000000008000ffc       0x42 Core/Src/BH1750_Driver.o
                0x0000000008000ffc                BH1750_Init
 .text.BH1750_Reset
                0x000000000800103e       0x36 Core/Src/BH1750_Driver.o
                0x000000000800103e                BH1750_Reset
 .text.BH1750_PowerState
                0x0000000008001074       0x42 Core/Src/BH1750_Driver.o
                0x0000000008001074                BH1750_PowerState
 *fill*         0x00000000080010b6        0x2 
 .text.BH1750_SetMtreg
                0x00000000080010b8       0x9c Core/Src/BH1750_Driver.o
                0x00000000080010b8                BH1750_SetMtreg
 .text.BH1750_SetMode
                0x0000000008001154       0x64 Core/Src/BH1750_Driver.o
                0x0000000008001154                BH1750_SetMode
 .text.BH1750_ReadLight
                0x00000000080011b8       0xb4 Core/Src/BH1750_Driver.o
                0x00000000080011b8                BH1750_ReadLight
 .text.StepperInit
                0x000000000800126c       0x5c Core/Src/StepperDriver.o
                0x000000000800126c                StepperInit
 .text.setCurrentPos
                0x00000000080012c8       0x3a Core/Src/StepperDriver.o
                0x00000000080012c8                setCurrentPos
 .text.setTargetPos
                0x0000000008001302       0x2a Core/Src/StepperDriver.o
                0x0000000008001302                setTargetPos
 .text.setDirCCW
                0x000000000800132c       0x22 Core/Src/StepperDriver.o
                0x000000000800132c                setDirCCW
 .text.setDirCW
                0x000000000800134e       0x22 Core/Src/StepperDriver.o
                0x000000000800134e                setDirCW
 .text.runToTarget
                0x0000000008001370       0xac Core/Src/StepperDriver.o
                0x0000000008001370                runToTarget
 .text.TCA9548A_Init
                0x000000000800141c       0x36 Core/Src/TCA9548A_Driver.o
                0x000000000800141c                TCA9548A_Init
 .text.TCA9548A_SelectSingleChannel
                0x0000000008001452       0x4e Core/Src/TCA9548A_Driver.o
                0x0000000008001452                TCA9548A_SelectSingleChannel
 .text.TCA9548A_DisableAllChannel
                0x00000000080014a0       0x38 Core/Src/TCA9548A_Driver.o
                0x00000000080014a0                TCA9548A_DisableAllChannel
 .text.userStepperInit
                0x00000000080014d8       0x64 Core/Src/main.o
                0x00000000080014d8                userStepperInit
 .text.userSensorInit
                0x000000000800153c       0x74 Core/Src/main.o
                0x000000000800153c                userSensorInit
 .text.ManualControl
                0x00000000080015b0       0xec Core/Src/main.o
                0x00000000080015b0                ManualControl
 .text.AutoControl
                0x000000000800169c        0xe Core/Src/main.o
                0x000000000800169c                AutoControl
 *fill*         0x00000000080016aa        0x2 
 .text.HAL_UART_RxCpltCallback
                0x00000000080016ac       0x48 Core/Src/main.o
                0x00000000080016ac                HAL_UART_RxCpltCallback
 .text.delay_us
                0x00000000080016f4       0x34 Core/Src/main.o
                0x00000000080016f4                delay_us
 .text.DecryptData
                0x0000000008001728       0xe4 Core/Src/main.o
                0x0000000008001728                DecryptData
 .text.keepMotorSafe
                0x000000000800180c       0xd0 Core/Src/main.o
                0x000000000800180c                keepMotorSafe
 .text.sendUARTaInt
                0x00000000080018dc       0x3c Core/Src/main.o
                0x00000000080018dc                sendUARTaInt
 .text.TestUART
                0x0000000008001918       0x28 Core/Src/main.o
                0x0000000008001918                TestUART
 .text.SetInitCoorStepper
                0x0000000008001940       0x74 Core/Src/main.o
                0x0000000008001940                SetInitCoorStepper
 .text.SetTargetCoorStepper
                0x00000000080019b4       0xc8 Core/Src/main.o
                0x00000000080019b4                SetTargetCoorStepper
 .text.RunStepper
                0x0000000008001a7c       0x74 Core/Src/main.o
                0x0000000008001a7c                RunStepper
 .text.GetSensor
                0x0000000008001af0       0xc4 Core/Src/main.o
                0x0000000008001af0                GetSensor
 .text.ControlLED
                0x0000000008001bb4       0x28 Core/Src/main.o
                0x0000000008001bb4                ControlLED
 .text.main     0x0000000008001bdc       0xb0 Core/Src/main.o
                0x0000000008001bdc                main
 .text.SystemClock_Config
                0x0000000008001c8c       0xd0 Core/Src/main.o
                0x0000000008001c8c                SystemClock_Config
 .text.MX_I2C1_Init
                0x0000000008001d5c       0x5c Core/Src/main.o
 .text.MX_I2C2_Init
                0x0000000008001db8       0x5c Core/Src/main.o
 .text.MX_TIM2_Init
                0x0000000008001e14       0x98 Core/Src/main.o
 .text.MX_USART2_UART_Init
                0x0000000008001eac       0x54 Core/Src/main.o
 .text.MX_GPIO_Init
                0x0000000008001f00       0xf0 Core/Src/main.o
 .text.Error_Handler
                0x0000000008001ff0        0xa Core/Src/main.o
                0x0000000008001ff0                Error_Handler
 *fill*         0x0000000008001ffa        0x2 
 .text.HAL_MspInit
                0x0000000008001ffc       0x50 Core/Src/stm32f4xx_hal_msp.o
                0x0000000008001ffc                HAL_MspInit
 .text.HAL_I2C_MspInit
                0x000000000800204c      0x118 Core/Src/stm32f4xx_hal_msp.o
                0x000000000800204c                HAL_I2C_MspInit
 .text.HAL_TIM_Base_MspInit
                0x0000000008002164       0x40 Core/Src/stm32f4xx_hal_msp.o
                0x0000000008002164                HAL_TIM_Base_MspInit
 .text.HAL_UART_MspInit
                0x00000000080021a4       0xa0 Core/Src/stm32f4xx_hal_msp.o
                0x00000000080021a4                HAL_UART_MspInit
 .text.NMI_Handler
                0x0000000008002244        0x6 Core/Src/stm32f4xx_it.o
                0x0000000008002244                NMI_Handler
 .text.HardFault_Handler
                0x000000000800224a        0x6 Core/Src/stm32f4xx_it.o
                0x000000000800224a                HardFault_Handler
 .text.MemManage_Handler
                0x0000000008002250        0x6 Core/Src/stm32f4xx_it.o
                0x0000000008002250                MemManage_Handler
 .text.BusFault_Handler
                0x0000000008002256        0x6 Core/Src/stm32f4xx_it.o
                0x0000000008002256                BusFault_Handler
 .text.UsageFault_Handler
                0x000000000800225c        0x6 Core/Src/stm32f4xx_it.o
                0x000000000800225c                UsageFault_Handler
 .text.SVC_Handler
                0x0000000008002262        0xe Core/Src/stm32f4xx_it.o
                0x0000000008002262                SVC_Handler
 .text.DebugMon_Handler
                0x0000000008002270        0xe Core/Src/stm32f4xx_it.o
                0x0000000008002270                DebugMon_Handler
 .text.PendSV_Handler
                0x000000000800227e        0xe Core/Src/stm32f4xx_it.o
                0x000000000800227e                PendSV_Handler
 .text.SysTick_Handler
                0x000000000800228c        0xc Core/Src/stm32f4xx_it.o
                0x000000000800228c                SysTick_Handler
 .text.USART2_IRQHandler
                0x0000000008002298       0x14 Core/Src/stm32f4xx_it.o
                0x0000000008002298                USART2_IRQHandler
 .text._getpid  0x00000000080022ac       0x10 Core/Src/syscalls.o
                0x00000000080022ac                _getpid
 .text._kill    0x00000000080022bc       0x20 Core/Src/syscalls.o
                0x00000000080022bc                _kill
 .text._exit    0x00000000080022dc       0x14 Core/Src/syscalls.o
                0x00000000080022dc                _exit
 .text._read    0x00000000080022f0       0x3a Core/Src/syscalls.o
                0x00000000080022f0                _read
 .text._write   0x000000000800232a       0x38 Core/Src/syscalls.o
                0x000000000800232a                _write
 .text._close   0x0000000008002362       0x18 Core/Src/syscalls.o
                0x0000000008002362                _close
 .text._fstat   0x000000000800237a       0x20 Core/Src/syscalls.o
                0x000000000800237a                _fstat
 .text._isatty  0x000000000800239a       0x16 Core/Src/syscalls.o
                0x000000000800239a                _isatty
 .text._lseek   0x00000000080023b0       0x1a Core/Src/syscalls.o
                0x00000000080023b0                _lseek
 *fill*         0x00000000080023ca        0x2 
 .text._sbrk    0x00000000080023cc       0x6c Core/Src/sysmem.o
                0x00000000080023cc                _sbrk
 .text.SystemInit
                0x0000000008002438       0x24 Core/Src/system_stm32f4xx.o
                0x0000000008002438                SystemInit
 .text.Reset_Handler
                0x000000000800245c       0x50 Core/Startup/startup_stm32f411vetx.o
                0x000000000800245c                Reset_Handler
 .text.Default_Handler
                0x00000000080024ac        0x2 Core/Startup/startup_stm32f411vetx.o
                0x00000000080024ac                RTC_Alarm_IRQHandler
                0x00000000080024ac                EXTI2_IRQHandler
                0x00000000080024ac                SPI4_IRQHandler
                0x00000000080024ac                TIM1_CC_IRQHandler
                0x00000000080024ac                DMA2_Stream5_IRQHandler
                0x00000000080024ac                DMA1_Stream5_IRQHandler
                0x00000000080024ac                PVD_IRQHandler
                0x00000000080024ac                SDIO_IRQHandler
                0x00000000080024ac                TAMP_STAMP_IRQHandler
                0x00000000080024ac                EXTI3_IRQHandler
                0x00000000080024ac                TIM1_UP_TIM10_IRQHandler
                0x00000000080024ac                I2C3_ER_IRQHandler
                0x00000000080024ac                EXTI0_IRQHandler
                0x00000000080024ac                I2C2_EV_IRQHandler
                0x00000000080024ac                DMA1_Stream2_IRQHandler
                0x00000000080024ac                FPU_IRQHandler
                0x00000000080024ac                DMA2_Stream2_IRQHandler
                0x00000000080024ac                SPI1_IRQHandler
                0x00000000080024ac                TIM1_BRK_TIM9_IRQHandler
                0x00000000080024ac                DMA2_Stream3_IRQHandler
                0x00000000080024ac                USART6_IRQHandler
                0x00000000080024ac                DMA2_Stream0_IRQHandler
                0x00000000080024ac                TIM4_IRQHandler
                0x00000000080024ac                I2C1_EV_IRQHandler
                0x00000000080024ac                DMA1_Stream6_IRQHandler
                0x00000000080024ac                DMA1_Stream1_IRQHandler
                0x00000000080024ac                TIM3_IRQHandler
                0x00000000080024ac                RCC_IRQHandler
                0x00000000080024ac                Default_Handler
                0x00000000080024ac                EXTI15_10_IRQHandler
                0x00000000080024ac                ADC_IRQHandler
                0x00000000080024ac                DMA1_Stream7_IRQHandler
                0x00000000080024ac                SPI5_IRQHandler
                0x00000000080024ac                TIM5_IRQHandler
                0x00000000080024ac                DMA2_Stream7_IRQHandler
                0x00000000080024ac                I2C3_EV_IRQHandler
                0x00000000080024ac                EXTI9_5_IRQHandler
                0x00000000080024ac                RTC_WKUP_IRQHandler
                0x00000000080024ac                SPI2_IRQHandler
                0x00000000080024ac                DMA1_Stream0_IRQHandler
                0x00000000080024ac                EXTI4_IRQHandler
                0x00000000080024ac                WWDG_IRQHandler
                0x00000000080024ac                TIM2_IRQHandler
                0x00000000080024ac                OTG_FS_WKUP_IRQHandler
                0x00000000080024ac                TIM1_TRG_COM_TIM11_IRQHandler
                0x00000000080024ac                EXTI1_IRQHandler
                0x00000000080024ac                I2C2_ER_IRQHandler
                0x00000000080024ac                DMA2_Stream1_IRQHandler
                0x00000000080024ac                FLASH_IRQHandler
                0x00000000080024ac                DMA2_Stream4_IRQHandler
                0x00000000080024ac                USART1_IRQHandler
                0x00000000080024ac                OTG_FS_IRQHandler
                0x00000000080024ac                SPI3_IRQHandler
                0x00000000080024ac                DMA1_Stream4_IRQHandler
                0x00000000080024ac                I2C1_ER_IRQHandler
                0x00000000080024ac                DMA2_Stream6_IRQHandler
                0x00000000080024ac                DMA1_Stream3_IRQHandler
 *fill*         0x00000000080024ae        0x2 
 .text.HAL_Init
                0x00000000080024b0       0x44 Drivers/STM32F4xx_HAL_Driver/Src/stm32f4xx_hal.o
                0x00000000080024b0                HAL_Init
 .text.HAL_InitTick
                0x00000000080024f4       0x60 Drivers/STM32F4xx_HAL_Driver/Src/stm32f4xx_hal.o
                0x00000000080024f4                HAL_InitTick
 .text.HAL_IncTick
                0x0000000008002554       0x28 Drivers/STM32F4xx_HAL_Driver/Src/stm32f4xx_hal.o
                0x0000000008002554                HAL_IncTick
 .text.HAL_GetTick
                0x000000000800257c       0x18 Drivers/STM32F4xx_HAL_Driver/Src/stm32f4xx_hal.o
                0x000000000800257c                HAL_GetTick
 .text.__NVIC_SetPriorityGrouping
                0x0000000008002594       0x48 Drivers/STM32F4xx_HAL_Driver/Src/stm32f4xx_hal_cortex.o
 .text.__NVIC_GetPriorityGrouping
                0x00000000080025dc       0x1c Drivers/STM32F4xx_HAL_Driver/Src/stm32f4xx_hal_cortex.o
 .text.__NVIC_EnableIRQ
                0x00000000080025f8       0x3c Drivers/STM32F4xx_HAL_Driver/Src/stm32f4xx_hal_cortex.o
 .text.__NVIC_SetPriority
                0x0000000008002634       0x54 Drivers/STM32F4xx_HAL_Driver/Src/stm32f4xx_hal_cortex.o
 .text.NVIC_EncodePriority
                0x0000000008002688       0x66 Drivers/STM32F4xx_HAL_Driver/Src/stm32f4xx_hal_cortex.o
 *fill*         0x00000000080026ee        0x2 
 .text.SysTick_Config
                0x00000000080026f0       0x44 Drivers/STM32F4xx_HAL_Driver/Src/stm32f4xx_hal_cortex.o
 .text.HAL_NVIC_SetPriorityGrouping
                0x0000000008002734       0x16 Drivers/STM32F4xx_HAL_Driver/Src/stm32f4xx_hal_cortex.o
                0x0000000008002734                HAL_NVIC_SetPriorityGrouping
 .text.HAL_NVIC_SetPriority
                0x000000000800274a       0x38 Drivers/STM32F4xx_HAL_Driver/Src/stm32f4xx_hal_cortex.o
                0x000000000800274a                HAL_NVIC_SetPriority
 .text.HAL_NVIC_EnableIRQ
                0x0000000008002782       0x1c Drivers/STM32F4xx_HAL_Driver/Src/stm32f4xx_hal_cortex.o
                0x0000000008002782                HAL_NVIC_EnableIRQ
 .text.HAL_SYSTICK_Config
                0x000000000800279e       0x18 Drivers/STM32F4xx_HAL_Driver/Src/stm32f4xx_hal_cortex.o
                0x000000000800279e                HAL_SYSTICK_Config
 .text.HAL_DMA_Abort
                0x00000000080027b6       0xe0 Drivers/STM32F4xx_HAL_Driver/Src/stm32f4xx_hal_dma.o
                0x00000000080027b6                HAL_DMA_Abort
 .text.HAL_DMA_Abort_IT
                0x0000000008002896       0x44 Drivers/STM32F4xx_HAL_Driver/Src/stm32f4xx_hal_dma.o
                0x0000000008002896                HAL_DMA_Abort_IT
 *fill*         0x00000000080028da        0x2 
 .text.HAL_GPIO_Init
                0x00000000080028dc      0x308 Drivers/STM32F4xx_HAL_Driver/Src/stm32f4xx_hal_gpio.o
                0x00000000080028dc                HAL_GPIO_Init
 .text.HAL_GPIO_WritePin
                0x0000000008002be4       0x32 Drivers/STM32F4xx_HAL_Driver/Src/stm32f4xx_hal_gpio.o
                0x0000000008002be4                HAL_GPIO_WritePin
 *fill*         0x0000000008002c16        0x2 
 .text.HAL_I2C_Init
                0x0000000008002c18      0x288 Drivers/STM32F4xx_HAL_Driver/Src/stm32f4xx_hal_i2c.o
                0x0000000008002c18                HAL_I2C_Init
 .text.HAL_I2C_Master_Transmit
                0x0000000008002ea0      0x1fc Drivers/STM32F4xx_HAL_Driver/Src/stm32f4xx_hal_i2c.o
                0x0000000008002ea0                HAL_I2C_Master_Transmit
 .text.HAL_I2C_Master_Receive
                0x000000000800309c      0x44c Drivers/STM32F4xx_HAL_Driver/Src/stm32f4xx_hal_i2c.o
                0x000000000800309c                HAL_I2C_Master_Receive
 .text.I2C_MasterRequestWrite
                0x00000000080034e8      0x104 Drivers/STM32F4xx_HAL_Driver/Src/stm32f4xx_hal_i2c.o
 .text.I2C_MasterRequestRead
                0x00000000080035ec      0x19c Drivers/STM32F4xx_HAL_Driver/Src/stm32f4xx_hal_i2c.o
 .text.I2C_WaitOnFlagUntilTimeout
                0x0000000008003788       0xae Drivers/STM32F4xx_HAL_Driver/Src/stm32f4xx_hal_i2c.o
 .text.I2C_WaitOnMasterAddressFlagUntilTimeout
                0x0000000008003836       0xfe Drivers/STM32F4xx_HAL_Driver/Src/stm32f4xx_hal_i2c.o
 .text.I2C_WaitOnTXEFlagUntilTimeout
                0x0000000008003934       0x82 Drivers/STM32F4xx_HAL_Driver/Src/stm32f4xx_hal_i2c.o
 .text.I2C_WaitOnBTFFlagUntilTimeout
                0x00000000080039b6       0x82 Drivers/STM32F4xx_HAL_Driver/Src/stm32f4xx_hal_i2c.o
 .text.I2C_WaitOnRXNEFlagUntilTimeout
                0x0000000008003a38       0xac Drivers/STM32F4xx_HAL_Driver/Src/stm32f4xx_hal_i2c.o
 .text.I2C_IsAcknowledgeFailed
                0x0000000008003ae4       0x5e Drivers/STM32F4xx_HAL_Driver/Src/stm32f4xx_hal_i2c.o
 *fill*         0x0000000008003b42        0x2 
 .text.HAL_RCC_OscConfig
                0x0000000008003b44      0x4f0 Drivers/STM32F4xx_HAL_Driver/Src/stm32f4xx_hal_rcc.o
                0x0000000008003b44                HAL_RCC_OscConfig
 .text.HAL_RCC_ClockConfig
                0x0000000008004034      0x1cc Drivers/STM32F4xx_HAL_Driver/Src/stm32f4xx_hal_rcc.o
                0x0000000008004034                HAL_RCC_ClockConfig
 .text.HAL_RCC_GetSysClockFreq
                0x0000000008004200      0x1c4 Drivers/STM32F4xx_HAL_Driver/Src/stm32f4xx_hal_rcc.o
                0x0000000008004200                HAL_RCC_GetSysClockFreq
 .text.HAL_RCC_GetHCLKFreq
                0x00000000080043c4       0x18 Drivers/STM32F4xx_HAL_Driver/Src/stm32f4xx_hal_rcc.o
                0x00000000080043c4                HAL_RCC_GetHCLKFreq
 .text.HAL_RCC_GetPCLK1Freq
                0x00000000080043dc       0x28 Drivers/STM32F4xx_HAL_Driver/Src/stm32f4xx_hal_rcc.o
                0x00000000080043dc                HAL_RCC_GetPCLK1Freq
 .text.HAL_RCC_GetPCLK2Freq
                0x0000000008004404       0x28 Drivers/STM32F4xx_HAL_Driver/Src/stm32f4xx_hal_rcc.o
                0x0000000008004404                HAL_RCC_GetPCLK2Freq
 .text.HAL_TIM_Base_Init
                0x000000000800442c       0x9e Drivers/STM32F4xx_HAL_Driver/Src/stm32f4xx_hal_tim.o
                0x000000000800442c                HAL_TIM_Base_Init
 *fill*         0x00000000080044ca        0x2 
 .text.HAL_TIM_Base_Start
                0x00000000080044cc       0xb4 Drivers/STM32F4xx_HAL_Driver/Src/stm32f4xx_hal_tim.o
                0x00000000080044cc                HAL_TIM_Base_Start
 .text.HAL_TIM_ConfigClockSource
                0x0000000008004580      0x188 Drivers/STM32F4xx_HAL_Driver/Src/stm32f4xx_hal_tim.o
                0x0000000008004580                HAL_TIM_ConfigClockSource
 .text.TIM_Base_SetConfig
                0x0000000008004708      0x100 Drivers/STM32F4xx_HAL_Driver/Src/stm32f4xx_hal_tim.o
                0x0000000008004708                TIM_Base_SetConfig
 .text.TIM_TI1_ConfigInputStage
                0x0000000008004808       0x5e Drivers/STM32F4xx_HAL_Driver/Src/stm32f4xx_hal_tim.o
 .text.TIM_TI2_ConfigInputStage
                0x0000000008004866       0x60 Drivers/STM32F4xx_HAL_Driver/Src/stm32f4xx_hal_tim.o
 .text.TIM_ITRx_SetConfig
                0x00000000080048c6       0x36 Drivers/STM32F4xx_HAL_Driver/Src/stm32f4xx_hal_tim.o
 .text.TIM_ETR_SetConfig
                0x00000000080048fc       0x40 Drivers/STM32F4xx_HAL_Driver/Src/stm32f4xx_hal_tim.o
                0x00000000080048fc                TIM_ETR_SetConfig
 .text.HAL_TIMEx_MasterConfigSynchronization
                0x000000000800493c       0xdc Drivers/STM32F4xx_HAL_Driver/Src/stm32f4xx_hal_tim_ex.o
                0x000000000800493c                HAL_TIMEx_MasterConfigSynchronization
 .text.HAL_UART_Init
                0x0000000008004a18       0x9a Drivers/STM32F4xx_HAL_Driver/Src/stm32f4xx_hal_uart.o
                0x0000000008004a18                HAL_UART_Init
 .text.HAL_UART_Transmit
                0x0000000008004ab2      0x124 Drivers/STM32F4xx_HAL_Driver/Src/stm32f4xx_hal_uart.o
                0x0000000008004ab2                HAL_UART_Transmit
 .text.HAL_UART_Receive_IT
                0x0000000008004bd6       0x60 Drivers/STM32F4xx_HAL_Driver/Src/stm32f4xx_hal_uart.o
                0x0000000008004bd6                HAL_UART_Receive_IT
 *fill*         0x0000000008004c36        0x2 
 .text.HAL_UART_IRQHandler
                0x0000000008004c38      0x358 Drivers/STM32F4xx_HAL_Driver/Src/stm32f4xx_hal_uart.o
                0x0000000008004c38                HAL_UART_IRQHandler
 .text.HAL_UART_TxCpltCallback
                0x0000000008004f90       0x14 Drivers/STM32F4xx_HAL_Driver/Src/stm32f4xx_hal_uart.o
                0x0000000008004f90                HAL_UART_TxCpltCallback
 .text.HAL_UART_ErrorCallback
                0x0000000008004fa4       0x14 Drivers/STM32F4xx_HAL_Driver/Src/stm32f4xx_hal_uart.o
                0x0000000008004fa4                HAL_UART_ErrorCallback
 .text.HAL_UARTEx_RxEventCallback
                0x0000000008004fb8       0x18 Drivers/STM32F4xx_HAL_Driver/Src/stm32f4xx_hal_uart.o
                0x0000000008004fb8                HAL_UARTEx_RxEventCallback
 .text.UART_WaitOnFlagUntilTimeout
                0x0000000008004fd0       0x94 Drivers/STM32F4xx_HAL_Driver/Src/stm32f4xx_hal_uart.o
 .text.UART_Start_Receive_IT
                0x0000000008005064       0x74 Drivers/STM32F4xx_HAL_Driver/Src/stm32f4xx_hal_uart.o
                0x0000000008005064                UART_Start_Receive_IT
 .text.UART_EndRxTransfer
                0x00000000080050d8       0x5a Drivers/STM32F4xx_HAL_Driver/Src/stm32f4xx_hal_uart.o
 .text.UART_DMAAbortOnError
                0x0000000008005132       0x28 Drivers/STM32F4xx_HAL_Driver/Src/stm32f4xx_hal_uart.o
 .text.UART_Transmit_IT
                0x000000000800515a       0xa0 Drivers/STM32F4xx_HAL_Driver/Src/stm32f4xx_hal_uart.o
 .text.UART_EndTransmit_IT
                0x00000000080051fa       0x30 Drivers/STM32F4xx_HAL_Driver/Src/stm32f4xx_hal_uart.o
 .text.UART_Receive_IT
                0x000000000800522a      0x12e Drivers/STM32F4xx_HAL_Driver/Src/stm32f4xx_hal_uart.o
 .text.UART_SetConfig
                0x0000000008005358      0x390 Drivers/STM32F4xx_HAL_Driver/Src/stm32f4xx_hal_uart.o
 .text.__errno  0x00000000080056e8        0xc /home/nomad/st/stm32cubeide_1.6.1/plugins/com.st.stm32cube.ide.mcu.externaltools.gnu-tools-for-stm32.9-2020-q2-update.linux64_1.5.0.202011040924/tools/bin/../lib/gcc/arm-none-eabi/9.3.1/../../../../arm-none-eabi/lib/thumb/v7e-m+fp/hard/libc_nano.a(lib_a-errno.o)
                0x00000000080056e8                __errno
 .text.__libc_init_array
                0x00000000080056f4       0x48 /home/nomad/st/stm32cubeide_1.6.1/plugins/com.st.stm32cube.ide.mcu.externaltools.gnu-tools-for-stm32.9-2020-q2-update.linux64_1.5.0.202011040924/tools/bin/../lib/gcc/arm-none-eabi/9.3.1/../../../../arm-none-eabi/lib/thumb/v7e-m+fp/hard/libc_nano.a(lib_a-init.o)
                0x00000000080056f4                __libc_init_array
 .text.memset   0x000000000800573c       0x10 /home/nomad/st/stm32cubeide_1.6.1/plugins/com.st.stm32cube.ide.mcu.externaltools.gnu-tools-for-stm32.9-2020-q2-update.linux64_1.5.0.202011040924/tools/bin/../lib/gcc/arm-none-eabi/9.3.1/../../../../arm-none-eabi/lib/thumb/v7e-m+fp/hard/libc_nano.a(lib_a-memset.o)
                0x000000000800573c                memset
 .text.__cvt    0x000000000800574c       0xc4 /home/nomad/st/stm32cubeide_1.6.1/plugins/com.st.stm32cube.ide.mcu.externaltools.gnu-tools-for-stm32.9-2020-q2-update.linux64_1.5.0.202011040924/tools/bin/../lib/gcc/arm-none-eabi/9.3.1/../../../../arm-none-eabi/lib/thumb/v7e-m+fp/hard/libc_nano.a(lib_a-nano-vfprintf_float.o)
                0x000000000800574c                __cvt
 .text.__exponent
                0x0000000008005810       0x7c /home/nomad/st/stm32cubeide_1.6.1/plugins/com.st.stm32cube.ide.mcu.externaltools.gnu-tools-for-stm32.9-2020-q2-update.linux64_1.5.0.202011040924/tools/bin/../lib/gcc/arm-none-eabi/9.3.1/../../../../arm-none-eabi/lib/thumb/v7e-m+fp/hard/libc_nano.a(lib_a-nano-vfprintf_float.o)
                0x0000000008005810                __exponent
 .text._printf_float
                0x000000000800588c      0x46c /home/nomad/st/stm32cubeide_1.6.1/plugins/com.st.stm32cube.ide.mcu.externaltools.gnu-tools-for-stm32.9-2020-q2-update.linux64_1.5.0.202011040924/tools/bin/../lib/gcc/arm-none-eabi/9.3.1/../../../../arm-none-eabi/lib/thumb/v7e-m+fp/hard/libc_nano.a(lib_a-nano-vfprintf_float.o)
                0x000000000800588c                _printf_float
 .text._printf_common
                0x0000000008005cf8       0xda /home/nomad/st/stm32cubeide_1.6.1/plugins/com.st.stm32cube.ide.mcu.externaltools.gnu-tools-for-stm32.9-2020-q2-update.linux64_1.5.0.202011040924/tools/bin/../lib/gcc/arm-none-eabi/9.3.1/../../../../arm-none-eabi/lib/thumb/v7e-m+fp/hard/libc_nano.a(lib_a-nano-vfprintf_i.o)
                0x0000000008005cf8                _printf_common
 *fill*         0x0000000008005dd2        0x2 
 .text._printf_i
                0x0000000008005dd4      0x24c /home/nomad/st/stm32cubeide_1.6.1/plugins/com.st.stm32cube.ide.mcu.externaltools.gnu-tools-for-stm32.9-2020-q2-update.linux64_1.5.0.202011040924/tools/bin/../lib/gcc/arm-none-eabi/9.3.1/../../../../arm-none-eabi/lib/thumb/v7e-m+fp/hard/libc_nano.a(lib_a-nano-vfprintf_i.o)
                0x0000000008005dd4                _printf_i
 .text._scanf_float
                0x0000000008006020      0x420 /home/nomad/st/stm32cubeide_1.6.1/plugins/com.st.stm32cube.ide.mcu.externaltools.gnu-tools-for-stm32.9-2020-q2-update.linux64_1.5.0.202011040924/tools/bin/../lib/gcc/arm-none-eabi/9.3.1/../../../../arm-none-eabi/lib/thumb/v7e-m+fp/hard/libc_nano.a(lib_a-nano-vfscanf_float.o)
                0x0000000008006020                _scanf_float
 .text.nanf     0x0000000008006440        0xc /home/nomad/st/stm32cubeide_1.6.1/plugins/com.st.stm32cube.ide.mcu.externaltools.gnu-tools-for-stm32.9-2020-q2-update.linux64_1.5.0.202011040924/tools/bin/../lib/gcc/arm-none-eabi/9.3.1/../../../../arm-none-eabi/lib/thumb/v7e-m+fp/hard/libc_nano.a(lib_a-sf_nan.o)
                0x0000000008006440                nanf
 .text.snprintf
                0x000000000800644c       0x68 /home/nomad/st/stm32cubeide_1.6.1/plugins/com.st.stm32cube.ide.mcu.externaltools.gnu-tools-for-stm32.9-2020-q2-update.linux64_1.5.0.202011040924/tools/bin/../lib/gcc/arm-none-eabi/9.3.1/../../../../arm-none-eabi/lib/thumb/v7e-m+fp/hard/libc_nano.a(lib_a-snprintf.o)
                0x000000000800644c                snprintf
                0x000000000800644c                sniprintf
 .text.sprintf  0x00000000080064b4       0x40 /home/nomad/st/stm32cubeide_1.6.1/plugins/com.st.stm32cube.ide.mcu.externaltools.gnu-tools-for-stm32.9-2020-q2-update.linux64_1.5.0.202011040924/tools/bin/../lib/gcc/arm-none-eabi/9.3.1/../../../../arm-none-eabi/lib/thumb/v7e-m+fp/hard/libc_nano.a(lib_a-sprintf.o)
                0x00000000080064b4                sprintf
                0x00000000080064b4                siprintf
 .text.sulp     0x00000000080064f4       0x38 /home/nomad/st/stm32cubeide_1.6.1/plugins/com.st.stm32cube.ide.mcu.externaltools.gnu-tools-for-stm32.9-2020-q2-update.linux64_1.5.0.202011040924/tools/bin/../lib/gcc/arm-none-eabi/9.3.1/../../../../arm-none-eabi/lib/thumb/v7e-m+fp/hard/libc_nano.a(lib_a-strtod.o)
 *fill*         0x000000000800652c        0x4 
 .text._strtod_l
                0x0000000008006530      0xc14 /home/nomad/st/stm32cubeide_1.6.1/plugins/com.st.stm32cube.ide.mcu.externaltools.gnu-tools-for-stm32.9-2020-q2-update.linux64_1.5.0.202011040924/tools/bin/../lib/gcc/arm-none-eabi/9.3.1/../../../../arm-none-eabi/lib/thumb/v7e-m+fp/hard/libc_nano.a(lib_a-strtod.o)
                0x0000000008006530                _strtod_l
 .text._strtod_r
                0x0000000008007144        0xc /home/nomad/st/stm32cubeide_1.6.1/plugins/com.st.stm32cube.ide.mcu.externaltools.gnu-tools-for-stm32.9-2020-q2-update.linux64_1.5.0.202011040924/tools/bin/../lib/gcc/arm-none-eabi/9.3.1/../../../../arm-none-eabi/lib/thumb/v7e-m+fp/hard/libc_nano.a(lib_a-strtod.o)
                0x0000000008007144                _strtod_r
 .text._strtol_l.isra.0
                0x0000000008007150      0x108 /home/nomad/st/stm32cubeide_1.6.1/plugins/com.st.stm32cube.ide.mcu.externaltools.gnu-tools-for-stm32.9-2020-q2-update.linux64_1.5.0.202011040924/tools/bin/../lib/gcc/arm-none-eabi/9.3.1/../../../../arm-none-eabi/lib/thumb/v7e-m+fp/hard/libc_nano.a(lib_a-strtol.o)
 .text._strtol_r
                0x0000000008007258        0x4 /home/nomad/st/stm32cubeide_1.6.1/plugins/com.st.stm32cube.ide.mcu.externaltools.gnu-tools-for-stm32.9-2020-q2-update.linux64_1.5.0.202011040924/tools/bin/../lib/gcc/arm-none-eabi/9.3.1/../../../../arm-none-eabi/lib/thumb/v7e-m+fp/hard/libc_nano.a(lib_a-strtol.o)
                0x0000000008007258                _strtol_r
 .text.quorem   0x000000000800725c      0x116 /home/nomad/st/stm32cubeide_1.6.1/plugins/com.st.stm32cube.ide.mcu.externaltools.gnu-tools-for-stm32.9-2020-q2-update.linux64_1.5.0.202011040924/tools/bin/../lib/gcc/arm-none-eabi/9.3.1/../../../../arm-none-eabi/lib/thumb/v7e-m+fp/hard/libc_nano.a(lib_a-dtoa.o)
 *fill*         0x0000000008007372        0x6 
 .text._dtoa_r  0x0000000008007378      0xbd8 /home/nomad/st/stm32cubeide_1.6.1/plugins/com.st.stm32cube.ide.mcu.externaltools.gnu-tools-for-stm32.9-2020-q2-update.linux64_1.5.0.202011040924/tools/bin/../lib/gcc/arm-none-eabi/9.3.1/../../../../arm-none-eabi/lib/thumb/v7e-m+fp/hard/libc_nano.a(lib_a-dtoa.o)
                0x0000000008007378                _dtoa_r
 .text.rshift   0x0000000008007f50       0xa4 /home/nomad/st/stm32cubeide_1.6.1/plugins/com.st.stm32cube.ide.mcu.externaltools.gnu-tools-for-stm32.9-2020-q2-update.linux64_1.5.0.202011040924/tools/bin/../lib/gcc/arm-none-eabi/9.3.1/../../../../arm-none-eabi/lib/thumb/v7e-m+fp/hard/libc_nano.a(lib_a-gdtoa-gethex.o)
 .text.__hexdig_fun
                0x0000000008007ff4       0x2a /home/nomad/st/stm32cubeide_1.6.1/plugins/com.st.stm32cube.ide.mcu.externaltools.gnu-tools-for-stm32.9-2020-q2-update.linux64_1.5.0.202011040924/tools/bin/../lib/gcc/arm-none-eabi/9.3.1/../../../../arm-none-eabi/lib/thumb/v7e-m+fp/hard/libc_nano.a(lib_a-gdtoa-gethex.o)
                0x0000000008007ff4                __hexdig_fun
 *fill*         0x000000000800801e        0x2 
 .text.__gethex
                0x0000000008008020      0x48c /home/nomad/st/stm32cubeide_1.6.1/plugins/com.st.stm32cube.ide.mcu.externaltools.gnu-tools-for-stm32.9-2020-q2-update.linux64_1.5.0.202011040924/tools/bin/../lib/gcc/arm-none-eabi/9.3.1/../../../../arm-none-eabi/lib/thumb/v7e-m+fp/hard/libc_nano.a(lib_a-gdtoa-gethex.o)
                0x0000000008008020                __gethex
 .text.L_shift  0x00000000080084ac       0x24 /home/nomad/st/stm32cubeide_1.6.1/plugins/com.st.stm32cube.ide.mcu.externaltools.gnu-tools-for-stm32.9-2020-q2-update.linux64_1.5.0.202011040924/tools/bin/../lib/gcc/arm-none-eabi/9.3.1/../../../../arm-none-eabi/lib/thumb/v7e-m+fp/hard/libc_nano.a(lib_a-gdtoa-hexnan.o)
 .text.__match  0x00000000080084d0       0x28 /home/nomad/st/stm32cubeide_1.6.1/plugins/com.st.stm32cube.ide.mcu.externaltools.gnu-tools-for-stm32.9-2020-q2-update.linux64_1.5.0.202011040924/tools/bin/../lib/gcc/arm-none-eabi/9.3.1/../../../../arm-none-eabi/lib/thumb/v7e-m+fp/hard/libc_nano.a(lib_a-gdtoa-hexnan.o)
                0x00000000080084d0                __match
 .text.__hexnan
                0x00000000080084f8      0x138 /home/nomad/st/stm32cubeide_1.6.1/plugins/com.st.stm32cube.ide.mcu.externaltools.gnu-tools-for-stm32.9-2020-q2-update.linux64_1.5.0.202011040924/tools/bin/../lib/gcc/arm-none-eabi/9.3.1/../../../../arm-none-eabi/lib/thumb/v7e-m+fp/hard/libc_nano.a(lib_a-gdtoa-hexnan.o)
                0x00000000080084f8                __hexnan
 .text._localeconv_r
                0x0000000008008630        0x8 /home/nomad/st/stm32cubeide_1.6.1/plugins/com.st.stm32cube.ide.mcu.externaltools.gnu-tools-for-stm32.9-2020-q2-update.linux64_1.5.0.202011040924/tools/bin/../lib/gcc/arm-none-eabi/9.3.1/../../../../arm-none-eabi/lib/thumb/v7e-m+fp/hard/libc_nano.a(lib_a-localeconv.o)
                0x0000000008008630                _localeconv_r
 .text.malloc   0x0000000008008638       0x10 /home/nomad/st/stm32cubeide_1.6.1/plugins/com.st.stm32cube.ide.mcu.externaltools.gnu-tools-for-stm32.9-2020-q2-update.linux64_1.5.0.202011040924/tools/bin/../lib/gcc/arm-none-eabi/9.3.1/../../../../arm-none-eabi/lib/thumb/v7e-m+fp/hard/libc_nano.a(lib_a-malloc.o)
                0x0000000008008638                malloc
 .text.__ascii_mbtowc
                0x0000000008008648       0x24 /home/nomad/st/stm32cubeide_1.6.1/plugins/com.st.stm32cube.ide.mcu.externaltools.gnu-tools-for-stm32.9-2020-q2-update.linux64_1.5.0.202011040924/tools/bin/../lib/gcc/arm-none-eabi/9.3.1/../../../../arm-none-eabi/lib/thumb/v7e-m+fp/hard/libc_nano.a(lib_a-mbtowc_r.o)
                0x0000000008008648                __ascii_mbtowc
 .text.memcpy   0x000000000800866c       0x1c /home/nomad/st/stm32cubeide_1.6.1/plugins/com.st.stm32cube.ide.mcu.externaltools.gnu-tools-for-stm32.9-2020-q2-update.linux64_1.5.0.202011040924/tools/bin/../lib/gcc/arm-none-eabi/9.3.1/../../../../arm-none-eabi/lib/thumb/v7e-m+fp/hard/libc_nano.a(lib_a-memcpy-stub.o)
                0x000000000800866c                memcpy
 .text._Balloc  0x0000000008008688       0x80 /home/nomad/st/stm32cubeide_1.6.1/plugins/com.st.stm32cube.ide.mcu.externaltools.gnu-tools-for-stm32.9-2020-q2-update.linux64_1.5.0.202011040924/tools/bin/../lib/gcc/arm-none-eabi/9.3.1/../../../../arm-none-eabi/lib/thumb/v7e-m+fp/hard/libc_nano.a(lib_a-mprec.o)
                0x0000000008008688                _Balloc
 .text._Bfree   0x0000000008008708       0x44 /home/nomad/st/stm32cubeide_1.6.1/plugins/com.st.stm32cube.ide.mcu.externaltools.gnu-tools-for-stm32.9-2020-q2-update.linux64_1.5.0.202011040924/tools/bin/../lib/gcc/arm-none-eabi/9.3.1/../../../../arm-none-eabi/lib/thumb/v7e-m+fp/hard/libc_nano.a(lib_a-mprec.o)
                0x0000000008008708                _Bfree
 .text.__multadd
                0x000000000800874c       0x94 /home/nomad/st/stm32cubeide_1.6.1/plugins/com.st.stm32cube.ide.mcu.externaltools.gnu-tools-for-stm32.9-2020-q2-update.linux64_1.5.0.202011040924/tools/bin/../lib/gcc/arm-none-eabi/9.3.1/../../../../arm-none-eabi/lib/thumb/v7e-m+fp/hard/libc_nano.a(lib_a-mprec.o)
                0x000000000800874c                __multadd
 .text.__s2b    0x00000000080087e0       0x94 /home/nomad/st/stm32cubeide_1.6.1/plugins/com.st.stm32cube.ide.mcu.externaltools.gnu-tools-for-stm32.9-2020-q2-update.linux64_1.5.0.202011040924/tools/bin/../lib/gcc/arm-none-eabi/9.3.1/../../../../arm-none-eabi/lib/thumb/v7e-m+fp/hard/libc_nano.a(lib_a-mprec.o)
                0x00000000080087e0                __s2b
 .text.__hi0bits
                0x0000000008008874       0x40 /home/nomad/st/stm32cubeide_1.6.1/plugins/com.st.stm32cube.ide.mcu.externaltools.gnu-tools-for-stm32.9-2020-q2-update.linux64_1.5.0.202011040924/tools/bin/../lib/gcc/arm-none-eabi/9.3.1/../../../../arm-none-eabi/lib/thumb/v7e-m+fp/hard/libc_nano.a(lib_a-mprec.o)
                0x0000000008008874                __hi0bits
 .text.__lo0bits
                0x00000000080088b4       0x60 /home/nomad/st/stm32cubeide_1.6.1/plugins/com.st.stm32cube.ide.mcu.externaltools.gnu-tools-for-stm32.9-2020-q2-update.linux64_1.5.0.202011040924/tools/bin/../lib/gcc/arm-none-eabi/9.3.1/../../../../arm-none-eabi/lib/thumb/v7e-m+fp/hard/libc_nano.a(lib_a-mprec.o)
                0x00000000080088b4                __lo0bits
 .text.__i2b    0x0000000008008914       0x2c /home/nomad/st/stm32cubeide_1.6.1/plugins/com.st.stm32cube.ide.mcu.externaltools.gnu-tools-for-stm32.9-2020-q2-update.linux64_1.5.0.202011040924/tools/bin/../lib/gcc/arm-none-eabi/9.3.1/../../../../arm-none-eabi/lib/thumb/v7e-m+fp/hard/libc_nano.a(lib_a-mprec.o)
                0x0000000008008914                __i2b
 .text.__multiply
                0x0000000008008940      0x14c /home/nomad/st/stm32cubeide_1.6.1/plugins/com.st.stm32cube.ide.mcu.externaltools.gnu-tools-for-stm32.9-2020-q2-update.linux64_1.5.0.202011040924/tools/bin/../lib/gcc/arm-none-eabi/9.3.1/../../../../arm-none-eabi/lib/thumb/v7e-m+fp/hard/libc_nano.a(lib_a-mprec.o)
                0x0000000008008940                __multiply
 .text.__pow5mult
                0x0000000008008a8c       0xb4 /home/nomad/st/stm32cubeide_1.6.1/plugins/com.st.stm32cube.ide.mcu.externaltools.gnu-tools-for-stm32.9-2020-q2-update.linux64_1.5.0.202011040924/tools/bin/../lib/gcc/arm-none-eabi/9.3.1/../../../../arm-none-eabi/lib/thumb/v7e-m+fp/hard/libc_nano.a(lib_a-mprec.o)
                0x0000000008008a8c                __pow5mult
 .text.__lshift
                0x0000000008008b40       0xd8 /home/nomad/st/stm32cubeide_1.6.1/plugins/com.st.stm32cube.ide.mcu.externaltools.gnu-tools-for-stm32.9-2020-q2-update.linux64_1.5.0.202011040924/tools/bin/../lib/gcc/arm-none-eabi/9.3.1/../../../../arm-none-eabi/lib/thumb/v7e-m+fp/hard/libc_nano.a(lib_a-mprec.o)
                0x0000000008008b40                __lshift
 .text.__mcmp   0x0000000008008c18       0x38 /home/nomad/st/stm32cubeide_1.6.1/plugins/com.st.stm32cube.ide.mcu.externaltools.gnu-tools-for-stm32.9-2020-q2-update.linux64_1.5.0.202011040924/tools/bin/../lib/gcc/arm-none-eabi/9.3.1/../../../../arm-none-eabi/lib/thumb/v7e-m+fp/hard/libc_nano.a(lib_a-mprec.o)
                0x0000000008008c18                __mcmp
 .text.__mdiff  0x0000000008008c50      0x110 /home/nomad/st/stm32cubeide_1.6.1/plugins/com.st.stm32cube.ide.mcu.externaltools.gnu-tools-for-stm32.9-2020-q2-update.linux64_1.5.0.202011040924/tools/bin/../lib/gcc/arm-none-eabi/9.3.1/../../../../arm-none-eabi/lib/thumb/v7e-m+fp/hard/libc_nano.a(lib_a-mprec.o)
                0x0000000008008c50                __mdiff
 .text.__ulp    0x0000000008008d60       0x58 /home/nomad/st/stm32cubeide_1.6.1/plugins/com.st.stm32cube.ide.mcu.externaltools.gnu-tools-for-stm32.9-2020-q2-update.linux64_1.5.0.202011040924/tools/bin/../lib/gcc/arm-none-eabi/9.3.1/../../../../arm-none-eabi/lib/thumb/v7e-m+fp/hard/libc_nano.a(lib_a-mprec.o)
                0x0000000008008d60                __ulp
 .text.__b2d    0x0000000008008db8       0xa0 /home/nomad/st/stm32cubeide_1.6.1/plugins/com.st.stm32cube.ide.mcu.externaltools.gnu-tools-for-stm32.9-2020-q2-update.linux64_1.5.0.202011040924/tools/bin/../lib/gcc/arm-none-eabi/9.3.1/../../../../arm-none-eabi/lib/thumb/v7e-m+fp/hard/libc_nano.a(lib_a-mprec.o)
                0x0000000008008db8                __b2d
 .text.__d2b    0x0000000008008e58       0xb8 /home/nomad/st/stm32cubeide_1.6.1/plugins/com.st.stm32cube.ide.mcu.externaltools.gnu-tools-for-stm32.9-2020-q2-update.linux64_1.5.0.202011040924/tools/bin/../lib/gcc/arm-none-eabi/9.3.1/../../../../arm-none-eabi/lib/thumb/v7e-m+fp/hard/libc_nano.a(lib_a-mprec.o)
                0x0000000008008e58                __d2b
 .text.__ratio  0x0000000008008f10       0x66 /home/nomad/st/stm32cubeide_1.6.1/plugins/com.st.stm32cube.ide.mcu.externaltools.gnu-tools-for-stm32.9-2020-q2-update.linux64_1.5.0.202011040924/tools/bin/../lib/gcc/arm-none-eabi/9.3.1/../../../../arm-none-eabi/lib/thumb/v7e-m+fp/hard/libc_nano.a(lib_a-mprec.o)
                0x0000000008008f10                __ratio
 .text.__copybits
                0x0000000008008f76       0x46 /home/nomad/st/stm32cubeide_1.6.1/plugins/com.st.stm32cube.ide.mcu.externaltools.gnu-tools-for-stm32.9-2020-q2-update.linux64_1.5.0.202011040924/tools/bin/../lib/gcc/arm-none-eabi/9.3.1/../../../../arm-none-eabi/lib/thumb/v7e-m+fp/hard/libc_nano.a(lib_a-mprec.o)
                0x0000000008008f76                __copybits
 .text.__any_on
                0x0000000008008fbc       0x42 /home/nomad/st/stm32cubeide_1.6.1/plugins/com.st.stm32cube.ide.mcu.externaltools.gnu-tools-for-stm32.9-2020-q2-update.linux64_1.5.0.202011040924/tools/bin/../lib/gcc/arm-none-eabi/9.3.1/../../../../arm-none-eabi/lib/thumb/v7e-m+fp/hard/libc_nano.a(lib_a-mprec.o)
                0x0000000008008fbc                __any_on
 .text._calloc_r
                0x0000000008008ffe       0x1e /home/nomad/st/stm32cubeide_1.6.1/plugins/com.st.stm32cube.ide.mcu.externaltools.gnu-tools-for-stm32.9-2020-q2-update.linux64_1.5.0.202011040924/tools/bin/../lib/gcc/arm-none-eabi/9.3.1/../../../../arm-none-eabi/lib/thumb/v7e-m+fp/hard/libc_nano.a(lib_a-nano-callocr.o)
                0x0000000008008ffe                _calloc_r
 .text._free_r  0x000000000800901c       0xa0 /home/nomad/st/stm32cubeide_1.6.1/plugins/com.st.stm32cube.ide.mcu.externaltools.gnu-tools-for-stm32.9-2020-q2-update.linux64_1.5.0.202011040924/tools/bin/../lib/gcc/arm-none-eabi/9.3.1/../../../../arm-none-eabi/lib/thumb/v7e-m+fp/hard/libc_nano.a(lib_a-nano-freer.o)
                0x000000000800901c                _free_r
 .text._malloc_r
                0x00000000080090bc       0xb4 /home/nomad/st/stm32cubeide_1.6.1/plugins/com.st.stm32cube.ide.mcu.externaltools.gnu-tools-for-stm32.9-2020-q2-update.linux64_1.5.0.202011040924/tools/bin/../lib/gcc/arm-none-eabi/9.3.1/../../../../arm-none-eabi/lib/thumb/v7e-m+fp/hard/libc_nano.a(lib_a-nano-mallocr.o)
                0x00000000080090bc                _malloc_r
 .text.__ssputs_r
                0x0000000008009170       0xb6 /home/nomad/st/stm32cubeide_1.6.1/plugins/com.st.stm32cube.ide.mcu.externaltools.gnu-tools-for-stm32.9-2020-q2-update.linux64_1.5.0.202011040924/tools/bin/../lib/gcc/arm-none-eabi/9.3.1/../../../../arm-none-eabi/lib/thumb/v7e-m+fp/hard/libc_nano.a(lib_a-nano-svfprintf.o)
                0x0000000008009170                __ssputs_r
 *fill*         0x0000000008009226        0x2 
 .text._svfprintf_r
                0x0000000008009228      0x200 /home/nomad/st/stm32cubeide_1.6.1/plugins/com.st.stm32cube.ide.mcu.externaltools.gnu-tools-for-stm32.9-2020-q2-update.linux64_1.5.0.202011040924/tools/bin/../lib/gcc/arm-none-eabi/9.3.1/../../../../arm-none-eabi/lib/thumb/v7e-m+fp/hard/libc_nano.a(lib_a-nano-svfprintf.o)
                0x0000000008009228                _svfprintf_r
                0x0000000008009228                _svfiprintf_r
 .text.nan      0x0000000008009428       0x10 /home/nomad/st/stm32cubeide_1.6.1/plugins/com.st.stm32cube.ide.mcu.externaltools.gnu-tools-for-stm32.9-2020-q2-update.linux64_1.5.0.202011040924/tools/bin/../lib/gcc/arm-none-eabi/9.3.1/../../../../arm-none-eabi/lib/thumb/v7e-m+fp/hard/libc_nano.a(lib_a-s_nan.o)
                0x0000000008009428                nan
 .text._sbrk_r  0x0000000008009438       0x20 /home/nomad/st/stm32cubeide_1.6.1/plugins/com.st.stm32cube.ide.mcu.externaltools.gnu-tools-for-stm32.9-2020-q2-update.linux64_1.5.0.202011040924/tools/bin/../lib/gcc/arm-none-eabi/9.3.1/../../../../arm-none-eabi/lib/thumb/v7e-m+fp/hard/libc_nano.a(lib_a-sbrkr.o)
                0x0000000008009438                _sbrk_r
 .text.strncmp  0x0000000008009458       0x24 /home/nomad/st/stm32cubeide_1.6.1/plugins/com.st.stm32cube.ide.mcu.externaltools.gnu-tools-for-stm32.9-2020-q2-update.linux64_1.5.0.202011040924/tools/bin/../lib/gcc/arm-none-eabi/9.3.1/../../../../arm-none-eabi/lib/thumb/v7e-m+fp/hard/libc_nano.a(lib_a-strncmp.o)
                0x0000000008009458                strncmp
 .text.__ascii_wctomb
                0x000000000800947c       0x1a /home/nomad/st/stm32cubeide_1.6.1/plugins/com.st.stm32cube.ide.mcu.externaltools.gnu-tools-for-stm32.9-2020-q2-update.linux64_1.5.0.202011040924/tools/bin/../lib/gcc/arm-none-eabi/9.3.1/../../../../arm-none-eabi/lib/thumb/v7e-m+fp/hard/libc_nano.a(lib_a-wctomb_r.o)
                0x000000000800947c                __ascii_wctomb
 *fill*         0x0000000008009496        0x2 
 .text.__assert_func
                0x0000000008009498       0x3c /home/nomad/st/stm32cubeide_1.6.1/plugins/com.st.stm32cube.ide.mcu.externaltools.gnu-tools-for-stm32.9-2020-q2-update.linux64_1.5.0.202011040924/tools/bin/../lib/gcc/arm-none-eabi/9.3.1/../../../../arm-none-eabi/lib/thumb/v7e-m+fp/hard/libc_nano.a(lib_a-assert.o)
                0x0000000008009498                __assert_func
 .text.fprintf  0x00000000080094d4       0x24 /home/nomad/st/stm32cubeide_1.6.1/plugins/com.st.stm32cube.ide.mcu.externaltools.gnu-tools-for-stm32.9-2020-q2-update.linux64_1.5.0.202011040924/tools/bin/../lib/gcc/arm-none-eabi/9.3.1/../../../../arm-none-eabi/lib/thumb/v7e-m+fp/hard/libc_nano.a(lib_a-fprintf.o)
                0x00000000080094d4                fprintf
                0x00000000080094d4                fiprintf
 .text.memmove  0x00000000080094f8       0x34 /home/nomad/st/stm32cubeide_1.6.1/plugins/com.st.stm32cube.ide.mcu.externaltools.gnu-tools-for-stm32.9-2020-q2-update.linux64_1.5.0.202011040924/tools/bin/../lib/gcc/arm-none-eabi/9.3.1/../../../../arm-none-eabi/lib/thumb/v7e-m+fp/hard/libc_nano.a(lib_a-memmove.o)
                0x00000000080094f8                memmove
 .text.__malloc_lock
                0x000000000800952c        0xc /home/nomad/st/stm32cubeide_1.6.1/plugins/com.st.stm32cube.ide.mcu.externaltools.gnu-tools-for-stm32.9-2020-q2-update.linux64_1.5.0.202011040924/tools/bin/../lib/gcc/arm-none-eabi/9.3.1/../../../../arm-none-eabi/lib/thumb/v7e-m+fp/hard/libc_nano.a(lib_a-mlock.o)
                0x000000000800952c                __malloc_lock
 .text.__malloc_unlock
                0x0000000008009538        0xc /home/nomad/st/stm32cubeide_1.6.1/plugins/com.st.stm32cube.ide.mcu.externaltools.gnu-tools-for-stm32.9-2020-q2-update.linux64_1.5.0.202011040924/tools/bin/../lib/gcc/arm-none-eabi/9.3.1/../../../../arm-none-eabi/lib/thumb/v7e-m+fp/hard/libc_nano.a(lib_a-mlock.o)
                0x0000000008009538                __malloc_unlock
 .text._realloc_r
                0x0000000008009544       0x4c /home/nomad/st/stm32cubeide_1.6.1/plugins/com.st.stm32cube.ide.mcu.externaltools.gnu-tools-for-stm32.9-2020-q2-update.linux64_1.5.0.202011040924/tools/bin/../lib/gcc/arm-none-eabi/9.3.1/../../../../arm-none-eabi/lib/thumb/v7e-m+fp/hard/libc_nano.a(lib_a-nano-reallocr.o)
                0x0000000008009544                _realloc_r
 .text.__sfputc_r
                0x0000000008009590       0x2e /home/nomad/st/stm32cubeide_1.6.1/plugins/com.st.stm32cube.ide.mcu.externaltools.gnu-tools-for-stm32.9-2020-q2-update.linux64_1.5.0.202011040924/tools/bin/../lib/gcc/arm-none-eabi/9.3.1/../../../../arm-none-eabi/lib/thumb/v7e-m+fp/hard/libc_nano.a(lib_a-nano-vfprintf.o)
 .text.__sfputs_r
                0x00000000080095be       0x24 /home/nomad/st/stm32cubeide_1.6.1/plugins/com.st.stm32cube.ide.mcu.externaltools.gnu-tools-for-stm32.9-2020-q2-update.linux64_1.5.0.202011040924/tools/bin/../lib/gcc/arm-none-eabi/9.3.1/../../../../arm-none-eabi/lib/thumb/v7e-m+fp/hard/libc_nano.a(lib_a-nano-vfprintf.o)
                0x00000000080095be                __sfputs_r
 *fill*         0x00000000080095e2        0x2 
 .text._vfprintf_r
                0x00000000080095e4      0x260 /home/nomad/st/stm32cubeide_1.6.1/plugins/com.st.stm32cube.ide.mcu.externaltools.gnu-tools-for-stm32.9-2020-q2-update.linux64_1.5.0.202011040924/tools/bin/../lib/gcc/arm-none-eabi/9.3.1/../../../../arm-none-eabi/lib/thumb/v7e-m+fp/hard/libc_nano.a(lib_a-nano-vfprintf.o)
                0x00000000080095e4                _vfiprintf_r
                0x00000000080095e4                _vfprintf_r
 .text.__swbuf_r
                0x0000000008009844       0xa4 /home/nomad/st/stm32cubeide_1.6.1/plugins/com.st.stm32cube.ide.mcu.externaltools.gnu-tools-for-stm32.9-2020-q2-update.linux64_1.5.0.202011040924/tools/bin/../lib/gcc/arm-none-eabi/9.3.1/../../../../arm-none-eabi/lib/thumb/v7e-m+fp/hard/libc_nano.a(lib_a-wbuf.o)
                0x0000000008009844                __swbuf_r
 .text.__swsetup_r
                0x00000000080098e8       0xdc /home/nomad/st/stm32cubeide_1.6.1/plugins/com.st.stm32cube.ide.mcu.externaltools.gnu-tools-for-stm32.9-2020-q2-update.linux64_1.5.0.202011040924/tools/bin/../lib/gcc/arm-none-eabi/9.3.1/../../../../arm-none-eabi/lib/thumb/v7e-m+fp/hard/libc_nano.a(lib_a-wsetup.o)
                0x00000000080098e8                __swsetup_r
 .text.abort    0x00000000080099c4        0xe /home/nomad/st/stm32cubeide_1.6.1/plugins/com.st.stm32cube.ide.mcu.externaltools.gnu-tools-for-stm32.9-2020-q2-update.linux64_1.5.0.202011040924/tools/bin/../lib/gcc/arm-none-eabi/9.3.1/../../../../arm-none-eabi/lib/thumb/v7e-m+fp/hard/libc_nano.a(lib_a-abort.o)
                0x00000000080099c4                abort
 *fill*         0x00000000080099d2        0x2 
 .text.__sflush_r
                0x00000000080099d4      0x10c /home/nomad/st/stm32cubeide_1.6.1/plugins/com.st.stm32cube.ide.mcu.externaltools.gnu-tools-for-stm32.9-2020-q2-update.linux64_1.5.0.202011040924/tools/bin/../lib/gcc/arm-none-eabi/9.3.1/../../../../arm-none-eabi/lib/thumb/v7e-m+fp/hard/libc_nano.a(lib_a-fflush.o)
                0x00000000080099d4                __sflush_r
 .text._fflush_r
                0x0000000008009ae0       0x78 /home/nomad/st/stm32cubeide_1.6.1/plugins/com.st.stm32cube.ide.mcu.externaltools.gnu-tools-for-stm32.9-2020-q2-update.linux64_1.5.0.202011040924/tools/bin/../lib/gcc/arm-none-eabi/9.3.1/../../../../arm-none-eabi/lib/thumb/v7e-m+fp/hard/libc_nano.a(lib_a-fflush.o)
                0x0000000008009ae0                _fflush_r
 .text.std      0x0000000008009b58       0x48 /home/nomad/st/stm32cubeide_1.6.1/plugins/com.st.stm32cube.ide.mcu.externaltools.gnu-tools-for-stm32.9-2020-q2-update.linux64_1.5.0.202011040924/tools/bin/../lib/gcc/arm-none-eabi/9.3.1/../../../../arm-none-eabi/lib/thumb/v7e-m+fp/hard/libc_nano.a(lib_a-findfp.o)
 .text._cleanup_r
                0x0000000008009ba0        0xc /home/nomad/st/stm32cubeide_1.6.1/plugins/com.st.stm32cube.ide.mcu.externaltools.gnu-tools-for-stm32.9-2020-q2-update.linux64_1.5.0.202011040924/tools/bin/../lib/gcc/arm-none-eabi/9.3.1/../../../../arm-none-eabi/lib/thumb/v7e-m+fp/hard/libc_nano.a(lib_a-findfp.o)
                0x0000000008009ba0                _cleanup_r
 .text.__sfmoreglue
                0x0000000008009bac       0x2c /home/nomad/st/stm32cubeide_1.6.1/plugins/com.st.stm32cube.ide.mcu.externaltools.gnu-tools-for-stm32.9-2020-q2-update.linux64_1.5.0.202011040924/tools/bin/../lib/gcc/arm-none-eabi/9.3.1/../../../../arm-none-eabi/lib/thumb/v7e-m+fp/hard/libc_nano.a(lib_a-findfp.o)
                0x0000000008009bac                __sfmoreglue
 .text.__sfp_lock_acquire
                0x0000000008009bd8        0xc /home/nomad/st/stm32cubeide_1.6.1/plugins/com.st.stm32cube.ide.mcu.externaltools.gnu-tools-for-stm32.9-2020-q2-update.linux64_1.5.0.202011040924/tools/bin/../lib/gcc/arm-none-eabi/9.3.1/../../../../arm-none-eabi/lib/thumb/v7e-m+fp/hard/libc_nano.a(lib_a-findfp.o)
                0x0000000008009bd8                __sfp_lock_acquire
 .text.__sfp_lock_release
                0x0000000008009be4        0xc /home/nomad/st/stm32cubeide_1.6.1/plugins/com.st.stm32cube.ide.mcu.externaltools.gnu-tools-for-stm32.9-2020-q2-update.linux64_1.5.0.202011040924/tools/bin/../lib/gcc/arm-none-eabi/9.3.1/../../../../arm-none-eabi/lib/thumb/v7e-m+fp/hard/libc_nano.a(lib_a-findfp.o)
                0x0000000008009be4                __sfp_lock_release
 .text.__sinit_lock_acquire
                0x0000000008009bf0        0xc /home/nomad/st/stm32cubeide_1.6.1/plugins/com.st.stm32cube.ide.mcu.externaltools.gnu-tools-for-stm32.9-2020-q2-update.linux64_1.5.0.202011040924/tools/bin/../lib/gcc/arm-none-eabi/9.3.1/../../../../arm-none-eabi/lib/thumb/v7e-m+fp/hard/libc_nano.a(lib_a-findfp.o)
                0x0000000008009bf0                __sinit_lock_acquire
 .text.__sinit_lock_release
                0x0000000008009bfc        0xc /home/nomad/st/stm32cubeide_1.6.1/plugins/com.st.stm32cube.ide.mcu.externaltools.gnu-tools-for-stm32.9-2020-q2-update.linux64_1.5.0.202011040924/tools/bin/../lib/gcc/arm-none-eabi/9.3.1/../../../../arm-none-eabi/lib/thumb/v7e-m+fp/hard/libc_nano.a(lib_a-findfp.o)
                0x0000000008009bfc                __sinit_lock_release
 .text.__sinit  0x0000000008009c08       0x70 /home/nomad/st/stm32cubeide_1.6.1/plugins/com.st.stm32cube.ide.mcu.externaltools.gnu-tools-for-stm32.9-2020-q2-update.linux64_1.5.0.202011040924/tools/bin/../lib/gcc/arm-none-eabi/9.3.1/../../../../arm-none-eabi/lib/thumb/v7e-m+fp/hard/libc_nano.a(lib_a-findfp.o)
                0x0000000008009c08                __sinit
 .text.__sfp    0x0000000008009c78       0x8c /home/nomad/st/stm32cubeide_1.6.1/plugins/com.st.stm32cube.ide.mcu.externaltools.gnu-tools-for-stm32.9-2020-q2-update.linux64_1.5.0.202011040924/tools/bin/../lib/gcc/arm-none-eabi/9.3.1/../../../../arm-none-eabi/lib/thumb/v7e-m+fp/hard/libc_nano.a(lib_a-findfp.o)
                0x0000000008009c78                __sfp
 .text._fwalk_reent
                0x0000000008009d04       0x3e /home/nomad/st/stm32cubeide_1.6.1/plugins/com.st.stm32cube.ide.mcu.externaltools.gnu-tools-for-stm32.9-2020-q2-update.linux64_1.5.0.202011040924/tools/bin/../lib/gcc/arm-none-eabi/9.3.1/../../../../arm-none-eabi/lib/thumb/v7e-m+fp/hard/libc_nano.a(lib_a-fwalk.o)
                0x0000000008009d04                _fwalk_reent
 .text.__retarget_lock_init_recursive
                0x0000000008009d42        0x2 /home/nomad/st/stm32cubeide_1.6.1/plugins/com.st.stm32cube.ide.mcu.externaltools.gnu-tools-for-stm32.9-2020-q2-update.linux64_1.5.0.202011040924/tools/bin/../lib/gcc/arm-none-eabi/9.3.1/../../../../arm-none-eabi/lib/thumb/v7e-m+fp/hard/libc_nano.a(lib_a-lock.o)
                0x0000000008009d42                __retarget_lock_init_recursive
 .text.__retarget_lock_acquire_recursive
                0x0000000008009d44        0x2 /home/nomad/st/stm32cubeide_1.6.1/plugins/com.st.stm32cube.ide.mcu.externaltools.gnu-tools-for-stm32.9-2020-q2-update.linux64_1.5.0.202011040924/tools/bin/../lib/gcc/arm-none-eabi/9.3.1/../../../../arm-none-eabi/lib/thumb/v7e-m+fp/hard/libc_nano.a(lib_a-lock.o)
                0x0000000008009d44                __retarget_lock_acquire_recursive
 .text.__retarget_lock_release_recursive
                0x0000000008009d46        0x2 /home/nomad/st/stm32cubeide_1.6.1/plugins/com.st.stm32cube.ide.mcu.externaltools.gnu-tools-for-stm32.9-2020-q2-update.linux64_1.5.0.202011040924/tools/bin/../lib/gcc/arm-none-eabi/9.3.1/../../../../arm-none-eabi/lib/thumb/v7e-m+fp/hard/libc_nano.a(lib_a-lock.o)
                0x0000000008009d46                __retarget_lock_release_recursive
 .text.__swhatbuf_r
                0x0000000008009d48       0x48 /home/nomad/st/stm32cubeide_1.6.1/plugins/com.st.stm32cube.ide.mcu.externaltools.gnu-tools-for-stm32.9-2020-q2-update.linux64_1.5.0.202011040924/tools/bin/../lib/gcc/arm-none-eabi/9.3.1/../../../../arm-none-eabi/lib/thumb/v7e-m+fp/hard/libc_nano.a(lib_a-makebuf.o)
                0x0000000008009d48                __swhatbuf_r
 .text.__smakebuf_r
                0x0000000008009d90       0x80 /home/nomad/st/stm32cubeide_1.6.1/plugins/com.st.stm32cube.ide.mcu.externaltools.gnu-tools-for-stm32.9-2020-q2-update.linux64_1.5.0.202011040924/tools/bin/../lib/gcc/arm-none-eabi/9.3.1/../../../../arm-none-eabi/lib/thumb/v7e-m+fp/hard/libc_nano.a(lib_a-makebuf.o)
                0x0000000008009d90                __smakebuf_r
 .text._malloc_usable_size_r
                0x0000000008009e10       0x10 /home/nomad/st/stm32cubeide_1.6.1/plugins/com.st.stm32cube.ide.mcu.externaltools.gnu-tools-for-stm32.9-2020-q2-update.linux64_1.5.0.202011040924/tools/bin/../lib/gcc/arm-none-eabi/9.3.1/../../../../arm-none-eabi/lib/thumb/v7e-m+fp/hard/libc_nano.a(lib_a-nano-msizer.o)
                0x0000000008009e10                _malloc_usable_size_r
 .text._raise_r
                0x0000000008009e20       0x50 /home/nomad/st/stm32cubeide_1.6.1/plugins/com.st.stm32cube.ide.mcu.externaltools.gnu-tools-for-stm32.9-2020-q2-update.linux64_1.5.0.202011040924/tools/bin/../lib/gcc/arm-none-eabi/9.3.1/../../../../arm-none-eabi/lib/thumb/v7e-m+fp/hard/libc_nano.a(lib_a-signal.o)
                0x0000000008009e20                _raise_r
 .text.raise    0x0000000008009e70       0x10 /home/nomad/st/stm32cubeide_1.6.1/plugins/com.st.stm32cube.ide.mcu.externaltools.gnu-tools-for-stm32.9-2020-q2-update.linux64_1.5.0.202011040924/tools/bin/../lib/gcc/arm-none-eabi/9.3.1/../../../../arm-none-eabi/lib/thumb/v7e-m+fp/hard/libc_nano.a(lib_a-signal.o)
                0x0000000008009e70                raise
 .text._kill_r  0x0000000008009e80       0x24 /home/nomad/st/stm32cubeide_1.6.1/plugins/com.st.stm32cube.ide.mcu.externaltools.gnu-tools-for-stm32.9-2020-q2-update.linux64_1.5.0.202011040924/tools/bin/../lib/gcc/arm-none-eabi/9.3.1/../../../../arm-none-eabi/lib/thumb/v7e-m+fp/hard/libc_nano.a(lib_a-signalr.o)
                0x0000000008009e80                _kill_r
 .text._getpid_r
                0x0000000008009ea4        0x4 /home/nomad/st/stm32cubeide_1.6.1/plugins/com.st.stm32cube.ide.mcu.externaltools.gnu-tools-for-stm32.9-2020-q2-update.linux64_1.5.0.202011040924/tools/bin/../lib/gcc/arm-none-eabi/9.3.1/../../../../arm-none-eabi/lib/thumb/v7e-m+fp/hard/libc_nano.a(lib_a-signalr.o)
                0x0000000008009ea4                _getpid_r
 .text.__sread  0x0000000008009ea8       0x22 /home/nomad/st/stm32cubeide_1.6.1/plugins/com.st.stm32cube.ide.mcu.externaltools.gnu-tools-for-stm32.9-2020-q2-update.linux64_1.5.0.202011040924/tools/bin/../lib/gcc/arm-none-eabi/9.3.1/../../../../arm-none-eabi/lib/thumb/v7e-m+fp/hard/libc_nano.a(lib_a-stdio.o)
                0x0000000008009ea8                __sread
 .text.__swrite
                0x0000000008009eca       0x38 /home/nomad/st/stm32cubeide_1.6.1/plugins/com.st.stm32cube.ide.mcu.externaltools.gnu-tools-for-stm32.9-2020-q2-update.linux64_1.5.0.202011040924/tools/bin/../lib/gcc/arm-none-eabi/9.3.1/../../../../arm-none-eabi/lib/thumb/v7e-m+fp/hard/libc_nano.a(lib_a-stdio.o)
                0x0000000008009eca                __swrite
 .text.__sseek  0x0000000008009f02       0x24 /home/nomad/st/stm32cubeide_1.6.1/plugins/com.st.stm32cube.ide.mcu.externaltools.gnu-tools-for-stm32.9-2020-q2-update.linux64_1.5.0.202011040924/tools/bin/../lib/gcc/arm-none-eabi/9.3.1/../../../../arm-none-eabi/lib/thumb/v7e-m+fp/hard/libc_nano.a(lib_a-stdio.o)
                0x0000000008009f02                __sseek
 .text.__sclose
                0x0000000008009f26        0x8 /home/nomad/st/stm32cubeide_1.6.1/plugins/com.st.stm32cube.ide.mcu.externaltools.gnu-tools-for-stm32.9-2020-q2-update.linux64_1.5.0.202011040924/tools/bin/../lib/gcc/arm-none-eabi/9.3.1/../../../../arm-none-eabi/lib/thumb/v7e-m+fp/hard/libc_nano.a(lib_a-stdio.o)
                0x0000000008009f26                __sclose
 *fill*         0x0000000008009f2e        0x2 
 .text._write_r
                0x0000000008009f30       0x24 /home/nomad/st/stm32cubeide_1.6.1/plugins/com.st.stm32cube.ide.mcu.externaltools.gnu-tools-for-stm32.9-2020-q2-update.linux64_1.5.0.202011040924/tools/bin/../lib/gcc/arm-none-eabi/9.3.1/../../../../arm-none-eabi/lib/thumb/v7e-m+fp/hard/libc_nano.a(lib_a-writer.o)
                0x0000000008009f30                _write_r
 .text._close_r
                0x0000000008009f54       0x20 /home/nomad/st/stm32cubeide_1.6.1/plugins/com.st.stm32cube.ide.mcu.externaltools.gnu-tools-for-stm32.9-2020-q2-update.linux64_1.5.0.202011040924/tools/bin/../lib/gcc/arm-none-eabi/9.3.1/../../../../arm-none-eabi/lib/thumb/v7e-m+fp/hard/libc_nano.a(lib_a-closer.o)
                0x0000000008009f54                _close_r
 .text._fstat_r
                0x0000000008009f74       0x24 /home/nomad/st/stm32cubeide_1.6.1/plugins/com.st.stm32cube.ide.mcu.externaltools.gnu-tools-for-stm32.9-2020-q2-update.linux64_1.5.0.202011040924/tools/bin/../lib/gcc/arm-none-eabi/9.3.1/../../../../arm-none-eabi/lib/thumb/v7e-m+fp/hard/libc_nano.a(lib_a-fstatr.o)
                0x0000000008009f74                _fstat_r
 .text._isatty_r
                0x0000000008009f98       0x20 /home/nomad/st/stm32cubeide_1.6.1/plugins/com.st.stm32cube.ide.mcu.externaltools.gnu-tools-for-stm32.9-2020-q2-update.linux64_1.5.0.202011040924/tools/bin/../lib/gcc/arm-none-eabi/9.3.1/../../../../arm-none-eabi/lib/thumb/v7e-m+fp/hard/libc_nano.a(lib_a-isattyr.o)
                0x0000000008009f98                _isatty_r
 .text._lseek_r
                0x0000000008009fb8       0x24 /home/nomad/st/stm32cubeide_1.6.1/plugins/com.st.stm32cube.ide.mcu.externaltools.gnu-tools-for-stm32.9-2020-q2-update.linux64_1.5.0.202011040924/tools/bin/../lib/gcc/arm-none-eabi/9.3.1/../../../../arm-none-eabi/lib/thumb/v7e-m+fp/hard/libc_nano.a(lib_a-lseekr.o)
                0x0000000008009fb8                _lseek_r
 .text._read_r  0x0000000008009fdc       0x24 /home/nomad/st/stm32cubeide_1.6.1/plugins/com.st.stm32cube.ide.mcu.externaltools.gnu-tools-for-stm32.9-2020-q2-update.linux64_1.5.0.202011040924/tools/bin/../lib/gcc/arm-none-eabi/9.3.1/../../../../arm-none-eabi/lib/thumb/v7e-m+fp/hard/libc_nano.a(lib_a-readr.o)
                0x0000000008009fdc                _read_r
 *(.glue_7)
 .glue_7        0x000000000800a000        0x0 linker stubs
 *(.glue_7t)
 .glue_7t       0x000000000800a000        0x0 linker stubs
 *(.eh_frame)
 .eh_frame      0x000000000800a000        0x0 /home/nomad/st/stm32cubeide_1.6.1/plugins/com.st.stm32cube.ide.mcu.externaltools.gnu-tools-for-stm32.9-2020-q2-update.linux64_1.5.0.202011040924/tools/bin/../lib/gcc/arm-none-eabi/9.3.1/thumb/v7e-m+fp/hard/crtbegin.o
 *(.init)
 .init          0x000000000800a000        0x4 /home/nomad/st/stm32cubeide_1.6.1/plugins/com.st.stm32cube.ide.mcu.externaltools.gnu-tools-for-stm32.9-2020-q2-update.linux64_1.5.0.202011040924/tools/bin/../lib/gcc/arm-none-eabi/9.3.1/thumb/v7e-m+fp/hard/crti.o
                0x000000000800a000                _init
 .init          0x000000000800a004        0x8 /home/nomad/st/stm32cubeide_1.6.1/plugins/com.st.stm32cube.ide.mcu.externaltools.gnu-tools-for-stm32.9-2020-q2-update.linux64_1.5.0.202011040924/tools/bin/../lib/gcc/arm-none-eabi/9.3.1/thumb/v7e-m+fp/hard/crtn.o
 *(.fini)
 .fini          0x000000000800a00c        0x4 /home/nomad/st/stm32cubeide_1.6.1/plugins/com.st.stm32cube.ide.mcu.externaltools.gnu-tools-for-stm32.9-2020-q2-update.linux64_1.5.0.202011040924/tools/bin/../lib/gcc/arm-none-eabi/9.3.1/thumb/v7e-m+fp/hard/crti.o
                0x000000000800a00c                _fini
 .fini          0x000000000800a010        0x8 /home/nomad/st/stm32cubeide_1.6.1/plugins/com.st.stm32cube.ide.mcu.externaltools.gnu-tools-for-stm32.9-2020-q2-update.linux64_1.5.0.202011040924/tools/bin/../lib/gcc/arm-none-eabi/9.3.1/thumb/v7e-m+fp/hard/crtn.o
                0x000000000800a018                . = ALIGN (0x4)
                0x000000000800a018                _etext = .

.vfp11_veneer   0x000000000800a018        0x0
 .vfp11_veneer  0x000000000800a018        0x0 linker stubs

.v4_bx          0x000000000800a018        0x0
 .v4_bx         0x000000000800a018        0x0 linker stubs

.iplt           0x000000000800a018        0x0
 .iplt          0x000000000800a018        0x0 /home/nomad/st/stm32cubeide_1.6.1/plugins/com.st.stm32cube.ide.mcu.externaltools.gnu-tools-for-stm32.9-2020-q2-update.linux64_1.5.0.202011040924/tools/bin/../lib/gcc/arm-none-eabi/9.3.1/thumb/v7e-m+fp/hard/crtbegin.o

.rodata         0x000000000800a018      0x4d4
                0x000000000800a018                . = ALIGN (0x4)
 *(.rodata)
 .rodata        0x000000000800a018        0x7 Core/Src/main.o
 *(.rodata*)
 *fill*         0x000000000800a01f        0x1 
 .rodata.AHBPrescTable
                0x000000000800a020       0x10 Core/Src/system_stm32f4xx.o
                0x000000000800a020                AHBPrescTable
 .rodata.APBPrescTable
                0x000000000800a030        0x8 Core/Src/system_stm32f4xx.o
                0x000000000800a030                APBPrescTable
 .rodata._global_impure_ptr
                0x000000000800a038        0x4 /home/nomad/st/stm32cubeide_1.6.1/plugins/com.st.stm32cube.ide.mcu.externaltools.gnu-tools-for-stm32.9-2020-q2-update.linux64_1.5.0.202011040924/tools/bin/../lib/gcc/arm-none-eabi/9.3.1/../../../../arm-none-eabi/lib/thumb/v7e-m+fp/hard/libc_nano.a(lib_a-impure.o)
                0x000000000800a038                _global_impure_ptr
 .rodata._printf_float.str1.1
                0x000000000800a03c       0x12 /home/nomad/st/stm32cubeide_1.6.1/plugins/com.st.stm32cube.ide.mcu.externaltools.gnu-tools-for-stm32.9-2020-q2-update.linux64_1.5.0.202011040924/tools/bin/../lib/gcc/arm-none-eabi/9.3.1/../../../../arm-none-eabi/lib/thumb/v7e-m+fp/hard/libc_nano.a(lib_a-nano-vfprintf_float.o)
 .rodata._printf_i.str1.1
                0x000000000800a04e       0x22 /home/nomad/st/stm32cubeide_1.6.1/plugins/com.st.stm32cube.ide.mcu.externaltools.gnu-tools-for-stm32.9-2020-q2-update.linux64_1.5.0.202011040924/tools/bin/../lib/gcc/arm-none-eabi/9.3.1/../../../../arm-none-eabi/lib/thumb/v7e-m+fp/hard/libc_nano.a(lib_a-nano-vfprintf_i.o)
 .rodata._scanf_float.str1.1
                0x000000000800a070        0x5 /home/nomad/st/stm32cubeide_1.6.1/plugins/com.st.stm32cube.ide.mcu.externaltools.gnu-tools-for-stm32.9-2020-q2-update.linux64_1.5.0.202011040924/tools/bin/../lib/gcc/arm-none-eabi/9.3.1/../../../../arm-none-eabi/lib/thumb/v7e-m+fp/hard/libc_nano.a(lib_a-nano-vfscanf_float.o)
                                          0x6 (size before relaxing)
 .rodata._strtod_l.str1.1
                0x000000000800a075        0x5 /home/nomad/st/stm32cubeide_1.6.1/plugins/com.st.stm32cube.ide.mcu.externaltools.gnu-tools-for-stm32.9-2020-q2-update.linux64_1.5.0.202011040924/tools/bin/../lib/gcc/arm-none-eabi/9.3.1/../../../../arm-none-eabi/lib/thumb/v7e-m+fp/hard/libc_nano.a(lib_a-strtod.o)
                                          0xd (size before relaxing)
 *fill*         0x000000000800a075        0x3 
 .rodata.fpi.7583
                0x000000000800a078       0x14 /home/nomad/st/stm32cubeide_1.6.1/plugins/com.st.stm32cube.ide.mcu.externaltools.gnu-tools-for-stm32.9-2020-q2-update.linux64_1.5.0.202011040924/tools/bin/../lib/gcc/arm-none-eabi/9.3.1/../../../../arm-none-eabi/lib/thumb/v7e-m+fp/hard/libc_nano.a(lib_a-strtod.o)
 .rodata.fpinan.7619
                0x000000000800a08c       0x14 /home/nomad/st/stm32cubeide_1.6.1/plugins/com.st.stm32cube.ide.mcu.externaltools.gnu-tools-for-stm32.9-2020-q2-update.linux64_1.5.0.202011040924/tools/bin/../lib/gcc/arm-none-eabi/9.3.1/../../../../arm-none-eabi/lib/thumb/v7e-m+fp/hard/libc_nano.a(lib_a-strtod.o)
 .rodata.tinytens
                0x000000000800a0a0       0x28 /home/nomad/st/stm32cubeide_1.6.1/plugins/com.st.stm32cube.ide.mcu.externaltools.gnu-tools-for-stm32.9-2020-q2-update.linux64_1.5.0.202011040924/tools/bin/../lib/gcc/arm-none-eabi/9.3.1/../../../../arm-none-eabi/lib/thumb/v7e-m+fp/hard/libc_nano.a(lib_a-strtod.o)
 .rodata._ctype_
                0x000000000800a0c8      0x101 /home/nomad/st/stm32cubeide_1.6.1/plugins/com.st.stm32cube.ide.mcu.externaltools.gnu-tools-for-stm32.9-2020-q2-update.linux64_1.5.0.202011040924/tools/bin/../lib/gcc/arm-none-eabi/9.3.1/../../../../arm-none-eabi/lib/thumb/v7e-m+fp/hard/libc_nano.a(lib_a-ctype_.o)
                0x000000000800a0c8                _ctype_
 .rodata._dtoa_r.str1.1
                0x000000000800a1c9       0x94 /home/nomad/st/stm32cubeide_1.6.1/plugins/com.st.stm32cube.ide.mcu.externaltools.gnu-tools-for-stm32.9-2020-q2-update.linux64_1.5.0.202011040924/tools/bin/../lib/gcc/arm-none-eabi/9.3.1/../../../../arm-none-eabi/lib/thumb/v7e-m+fp/hard/libc_nano.a(lib_a-dtoa.o)
                                         0x96 (size before relaxing)
 .rodata.__gethex.str1.1
                0x000000000800a25d       0x67 /home/nomad/st/stm32cubeide_1.6.1/plugins/com.st.stm32cube.ide.mcu.externaltools.gnu-tools-for-stm32.9-2020-q2-update.linux64_1.5.0.202011040924/tools/bin/../lib/gcc/arm-none-eabi/9.3.1/../../../../arm-none-eabi/lib/thumb/v7e-m+fp/hard/libc_nano.a(lib_a-gdtoa-gethex.o)
                                         0x78 (size before relaxing)
 .rodata.str1.1
                0x000000000800a2c4        0x2 /home/nomad/st/stm32cubeide_1.6.1/plugins/com.st.stm32cube.ide.mcu.externaltools.gnu-tools-for-stm32.9-2020-q2-update.linux64_1.5.0.202011040924/tools/bin/../lib/gcc/arm-none-eabi/9.3.1/../../../../arm-none-eabi/lib/thumb/v7e-m+fp/hard/libc_nano.a(lib_a-lnumeric.o)
                                          0x3 (size before relaxing)
 *fill*         0x000000000800a2c6        0x2 
 .rodata._C_numeric_locale
                0x000000000800a2c8        0xc /home/nomad/st/stm32cubeide_1.6.1/plugins/com.st.stm32cube.ide.mcu.externaltools.gnu-tools-for-stm32.9-2020-q2-update.linux64_1.5.0.202011040924/tools/bin/../lib/gcc/arm-none-eabi/9.3.1/../../../../arm-none-eabi/lib/thumb/v7e-m+fp/hard/libc_nano.a(lib_a-lnumeric.o)
                0x000000000800a2c8                _C_numeric_locale
 .rodata._setlocale_r.str1.1
                0x000000000800a2d4        0x8 /home/nomad/st/stm32cubeide_1.6.1/plugins/com.st.stm32cube.ide.mcu.externaltools.gnu-tools-for-stm32.9-2020-q2-update.linux64_1.5.0.202011040924/tools/bin/../lib/gcc/arm-none-eabi/9.3.1/../../../../arm-none-eabi/lib/thumb/v7e-m+fp/hard/libc_nano.a(lib_a-locale.o)
                                          0x9 (size before relaxing)
 .rodata.str1.1
                0x000000000800a2dc        0x2 /home/nomad/st/stm32cubeide_1.6.1/plugins/com.st.stm32cube.ide.mcu.externaltools.gnu-tools-for-stm32.9-2020-q2-update.linux64_1.5.0.202011040924/tools/bin/../lib/gcc/arm-none-eabi/9.3.1/../../../../arm-none-eabi/lib/thumb/v7e-m+fp/hard/libc_nano.a(lib_a-locale.o)
 .rodata._Balloc.str1.1
                0x000000000800a2dc       0x60 /home/nomad/st/stm32cubeide_1.6.1/plugins/com.st.stm32cube.ide.mcu.externaltools.gnu-tools-for-stm32.9-2020-q2-update.linux64_1.5.0.202011040924/tools/bin/../lib/gcc/arm-none-eabi/9.3.1/../../../../arm-none-eabi/lib/thumb/v7e-m+fp/hard/libc_nano.a(lib_a-mprec.o)
                                         0x77 (size before relaxing)
 .rodata.__multadd.str1.1
                0x000000000800a33c       0x11 /home/nomad/st/stm32cubeide_1.6.1/plugins/com.st.stm32cube.ide.mcu.externaltools.gnu-tools-for-stm32.9-2020-q2-update.linux64_1.5.0.202011040924/tools/bin/../lib/gcc/arm-none-eabi/9.3.1/../../../../arm-none-eabi/lib/thumb/v7e-m+fp/hard/libc_nano.a(lib_a-mprec.o)
 *fill*         0x000000000800a33c        0x4 
 .rodata.__mprec_bigtens
                0x000000000800a340       0x28 /home/nomad/st/stm32cubeide_1.6.1/plugins/com.st.stm32cube.ide.mcu.externaltools.gnu-tools-for-stm32.9-2020-q2-update.linux64_1.5.0.202011040924/tools/bin/../lib/gcc/arm-none-eabi/9.3.1/../../../../arm-none-eabi/lib/thumb/v7e-m+fp/hard/libc_nano.a(lib_a-mprec.o)
                0x000000000800a340                __mprec_bigtens
 .rodata.__mprec_tens
                0x000000000800a368       0xc8 /home/nomad/st/stm32cubeide_1.6.1/plugins/com.st.stm32cube.ide.mcu.externaltools.gnu-tools-for-stm32.9-2020-q2-update.linux64_1.5.0.202011040924/tools/bin/../lib/gcc/arm-none-eabi/9.3.1/../../../../arm-none-eabi/lib/thumb/v7e-m+fp/hard/libc_nano.a(lib_a-mprec.o)
                0x000000000800a368                __mprec_tens
 .rodata.p05.7513
                0x000000000800a430        0xc /home/nomad/st/stm32cubeide_1.6.1/plugins/com.st.stm32cube.ide.mcu.externaltools.gnu-tools-for-stm32.9-2020-q2-update.linux64_1.5.0.202011040924/tools/bin/../lib/gcc/arm-none-eabi/9.3.1/../../../../arm-none-eabi/lib/thumb/v7e-m+fp/hard/libc_nano.a(lib_a-mprec.o)
 .rodata._svfprintf_r.str1.1
                0x000000000800a43c       0x11 /home/nomad/st/stm32cubeide_1.6.1/plugins/com.st.stm32cube.ide.mcu.externaltools.gnu-tools-for-stm32.9-2020-q2-update.linux64_1.5.0.202011040924/tools/bin/../lib/gcc/arm-none-eabi/9.3.1/../../../../arm-none-eabi/lib/thumb/v7e-m+fp/hard/libc_nano.a(lib_a-nano-svfprintf.o)
 .rodata.__assert_func.str1.1
                0x000000000800a44d       0x3c /home/nomad/st/stm32cubeide_1.6.1/plugins/com.st.stm32cube.ide.mcu.externaltools.gnu-tools-for-stm32.9-2020-q2-update.linux64_1.5.0.202011040924/tools/bin/../lib/gcc/arm-none-eabi/9.3.1/../../../../arm-none-eabi/lib/thumb/v7e-m+fp/hard/libc_nano.a(lib_a-assert.o)
                                         0x3d (size before relaxing)
 .rodata._vfprintf_r.str1.1
                0x000000000800a489       0x11 /home/nomad/st/stm32cubeide_1.6.1/plugins/com.st.stm32cube.ide.mcu.externaltools.gnu-tools-for-stm32.9-2020-q2-update.linux64_1.5.0.202011040924/tools/bin/../lib/gcc/arm-none-eabi/9.3.1/../../../../arm-none-eabi/lib/thumb/v7e-m+fp/hard/libc_nano.a(lib_a-nano-vfprintf.o)
 *fill*         0x000000000800a489        0x3 
 .rodata.__sf_fake_stderr
                0x000000000800a48c       0x20 /home/nomad/st/stm32cubeide_1.6.1/plugins/com.st.stm32cube.ide.mcu.externaltools.gnu-tools-for-stm32.9-2020-q2-update.linux64_1.5.0.202011040924/tools/bin/../lib/gcc/arm-none-eabi/9.3.1/../../../../arm-none-eabi/lib/thumb/v7e-m+fp/hard/libc_nano.a(lib_a-findfp.o)
                0x000000000800a48c                __sf_fake_stderr
 .rodata.__sf_fake_stdin
                0x000000000800a4ac       0x20 /home/nomad/st/stm32cubeide_1.6.1/plugins/com.st.stm32cube.ide.mcu.externaltools.gnu-tools-for-stm32.9-2020-q2-update.linux64_1.5.0.202011040924/tools/bin/../lib/gcc/arm-none-eabi/9.3.1/../../../../arm-none-eabi/lib/thumb/v7e-m+fp/hard/libc_nano.a(lib_a-findfp.o)
                0x000000000800a4ac                __sf_fake_stdin
 .rodata.__sf_fake_stdout
                0x000000000800a4cc       0x20 /home/nomad/st/stm32cubeide_1.6.1/plugins/com.st.stm32cube.ide.mcu.externaltools.gnu-tools-for-stm32.9-2020-q2-update.linux64_1.5.0.202011040924/tools/bin/../lib/gcc/arm-none-eabi/9.3.1/../../../../arm-none-eabi/lib/thumb/v7e-m+fp/hard/libc_nano.a(lib_a-findfp.o)
                0x000000000800a4cc                __sf_fake_stdout
                0x000000000800a4ec                . = ALIGN (0x4)

.ARM.extab      0x000000000800a4ec        0x0
                0x000000000800a4ec                . = ALIGN (0x4)
 *(.ARM.extab* .gnu.linkonce.armextab.*)
                0x000000000800a4ec                . = ALIGN (0x4)

.ARM            0x000000000800a4ec        0x8
                0x000000000800a4ec                . = ALIGN (0x4)
                0x000000000800a4ec                __exidx_start = .
 *(.ARM.exidx*)
 .ARM.exidx     0x000000000800a4ec        0x8 /home/nomad/st/stm32cubeide_1.6.1/plugins/com.st.stm32cube.ide.mcu.externaltools.gnu-tools-for-stm32.9-2020-q2-update.linux64_1.5.0.202011040924/tools/bin/../lib/gcc/arm-none-eabi/9.3.1/thumb/v7e-m+fp/hard/libgcc.a(_udivmoddi4.o)
                0x000000000800a4f4                __exidx_end = .
                0x000000000800a4f4                . = ALIGN (0x4)

.rel.dyn        0x000000000800a4f4        0x0
 .rel.iplt      0x000000000800a4f4        0x0 /home/nomad/st/stm32cubeide_1.6.1/plugins/com.st.stm32cube.ide.mcu.externaltools.gnu-tools-for-stm32.9-2020-q2-update.linux64_1.5.0.202011040924/tools/bin/../lib/gcc/arm-none-eabi/9.3.1/thumb/v7e-m+fp/hard/crtbegin.o

.preinit_array  0x000000000800a4f4        0x0
                0x000000000800a4f4                . = ALIGN (0x4)
                0x000000000800a4f4                PROVIDE (__preinit_array_start = .)
 *(.preinit_array*)
                0x000000000800a4f4                PROVIDE (__preinit_array_end = .)
                0x000000000800a4f4                . = ALIGN (0x4)

.init_array     0x000000000800a4f4        0x4
                0x000000000800a4f4                . = ALIGN (0x4)
                0x000000000800a4f4                PROVIDE (__init_array_start = .)
 *(SORT_BY_NAME(.init_array.*))
 *(.init_array*)
 .init_array    0x000000000800a4f4        0x4 /home/nomad/st/stm32cubeide_1.6.1/plugins/com.st.stm32cube.ide.mcu.externaltools.gnu-tools-for-stm32.9-2020-q2-update.linux64_1.5.0.202011040924/tools/bin/../lib/gcc/arm-none-eabi/9.3.1/thumb/v7e-m+fp/hard/crtbegin.o
                0x000000000800a4f8                PROVIDE (__init_array_end = .)
                0x000000000800a4f8                . = ALIGN (0x4)

.fini_array     0x000000000800a4f8        0x4
                0x000000000800a4f8                . = ALIGN (0x4)
                [!provide]                        PROVIDE (__fini_array_start = .)
 *(SORT_BY_NAME(.fini_array.*))
 *(.fini_array*)
 .fini_array    0x000000000800a4f8        0x4 /home/nomad/st/stm32cubeide_1.6.1/plugins/com.st.stm32cube.ide.mcu.externaltools.gnu-tools-for-stm32.9-2020-q2-update.linux64_1.5.0.202011040924/tools/bin/../lib/gcc/arm-none-eabi/9.3.1/thumb/v7e-m+fp/hard/crtbegin.o
                [!provide]                        PROVIDE (__fini_array_end = .)
                0x000000000800a4fc                . = ALIGN (0x4)
                0x000000000800a4fc                _sidata = LOADADDR (.data)

.data           0x0000000020000000      0x2dc load address 0x000000000800a4fc
                0x0000000020000000                . = ALIGN (0x4)
                0x0000000020000000                _sdata = .
 *(.data)
 *(.data*)
 .data.Hello    0x0000000020000000       0x37 Core/Src/main.o
                0x0000000020000000                Hello
 *fill*         0x0000000020000037        0x1 
 .data.InitStepperMessage
                0x0000000020000038       0x27 Core/Src/main.o
                0x0000000020000038                InitStepperMessage
 *fill*         0x000000002000005f        0x1 
 .data.TargetStepperMessage
                0x0000000020000060       0x26 Core/Src/main.o
                0x0000000020000060                TargetStepperMessage
 *fill*         0x0000000020000086        0x2 
 .data.Done     0x0000000020000088        0x8 Core/Src/main.o
                0x0000000020000088                Done
 .data.RunStepperMessage
                0x0000000020000090       0x2a Core/Src/main.o
                0x0000000020000090                RunStepperMessage
 *fill*         0x00000000200000ba        0x2 
 .data.GetSensorMessage
                0x00000000200000bc       0x1b Core/Src/main.o
                0x00000000200000bc                GetSensorMessage
 *fill*         0x00000000200000d7        0x1 
 .data.ControlLEDMessage
                0x00000000200000d8       0x23 Core/Src/main.o
                0x00000000200000d8                ControlLEDMessage
 *fill*         0x00000000200000fb        0x1 
 .data.SystemCoreClock
                0x00000000200000fc        0x4 Core/Src/system_stm32f4xx.o
                0x00000000200000fc                SystemCoreClock
 .data.uwTickPrio
                0x0000000020000100        0x4 Drivers/STM32F4xx_HAL_Driver/Src/stm32f4xx_hal.o
                0x0000000020000100                uwTickPrio
 .data.uwTickFreq
                0x0000000020000104        0x1 Drivers/STM32F4xx_HAL_Driver/Src/stm32f4xx_hal.o
                0x0000000020000104                uwTickFreq
 *fill*         0x0000000020000105        0x3 
 .data._impure_ptr
                0x0000000020000108        0x4 /home/nomad/st/stm32cubeide_1.6.1/plugins/com.st.stm32cube.ide.mcu.externaltools.gnu-tools-for-stm32.9-2020-q2-update.linux64_1.5.0.202011040924/tools/bin/../lib/gcc/arm-none-eabi/9.3.1/../../../../arm-none-eabi/lib/thumb/v7e-m+fp/hard/libc_nano.a(lib_a-impure.o)
                0x0000000020000108                _impure_ptr
 .data.impure_data
                0x000000002000010c       0x60 /home/nomad/st/stm32cubeide_1.6.1/plugins/com.st.stm32cube.ide.mcu.externaltools.gnu-tools-for-stm32.9-2020-q2-update.linux64_1.5.0.202011040924/tools/bin/../lib/gcc/arm-none-eabi/9.3.1/../../../../arm-none-eabi/lib/thumb/v7e-m+fp/hard/libc_nano.a(lib_a-impure.o)
 .data.numempty
                0x000000002000016c        0x2 /home/nomad/st/stm32cubeide_1.6.1/plugins/com.st.stm32cube.ide.mcu.externaltools.gnu-tools-for-stm32.9-2020-q2-update.linux64_1.5.0.202011040924/tools/bin/../lib/gcc/arm-none-eabi/9.3.1/../../../../arm-none-eabi/lib/thumb/v7e-m+fp/hard/libc_nano.a(lib_a-lnumeric.o)