main.c:172:6:userStepperInit	16	static
main.c:178:6:userSensorInit	16	static
main.c:191:6:userPCAInit	8	static
main.c:199:6:ManualControl	4	static
main.c:223:6:AutoControl	4	static
main.c:228:6:HAL_UART_RxCpltCallback	16	static
main.c:245:6:delay_us	16	static
main.c:251:6:DecryptData	4	static
main.c:267:6:keepMotorSafe	24	static
main.c:292:6:sendUARTaInt	24	static
main.c:299:6:sendInfoPWM	16	static
main.c:312:6:TestUART	8	static
main.c:317:6:SetInitCoorStepper	8	static
main.c:326:6:SetTargetCoorStepper	40	static
main.c:364:6:RunStepper	16	static
main.c:375:6:GetSensor	16	static
main.c:391:6:ControlLED	16	static
main.c:401:6:calculateLedIntensity	1256	static
main.c:444:6:convertLumenToPWM	8	static
main.c:459:6:automation	56	static
main.c:499:5:main	8	static
main.c:574:6:SystemClock_Config	88	static
main.c:618:13:MX_I2C1_Init	8	static
main.c:652:13:MX_I2C2_Init	8	static
main.c:686:13:MX_TIM2_Init	32	static
main.c:731:13:MX_USART2_UART_Init	8	static
main.c:764:13:MX_GPIO_Init	48	static
main.c:804:6:Error_Handler	4	static,ignoring_inline_asm
