main.c:136:6:userStepperInit	16	static
main.c:142:6:userSensorInit	16	static
main.c:152:6:userPCAInit	8	static
main.c:160:6:ManualControl	4	static
main.c:184:6:AutoControl	4	static
main.c:189:6:HAL_UART_RxCpltCallback	16	static
main.c:206:6:delay_us	16	static
main.c:212:6:DecryptData	4	static
main.c:219:6:keepMotorSafe	24	static
main.c:244:6:sendUARTaInt	24	static
main.c:251:6:sendInfoPWM	16	static
main.c:266:6:TestUART	8	static
main.c:271:6:SetInitCoorStepper	8	static
main.c:280:6:SetTargetCoorStepper	40	static
main.c:318:6:RunStepper	16	static
main.c:329:6:GetSensor	16	static
main.c:345:6:ControlLED	8	static
main.c:362:5:main	8	static
main.c:435:6:SystemClock_Config	88	static
main.c:479:13:MX_I2C1_Init	8	static
main.c:513:13:MX_I2C2_Init	8	static
main.c:547:13:MX_TIM2_Init	32	static
main.c:592:13:MX_USART2_UART_Init	8	static
main.c:625:13:MX_GPIO_Init	48	static
main.c:665:6:Error_Handler	4	static,ignoring_inline_asm
