10:16:35 **** Incremental Build of configuration Debug for project whiteroom ****
make -j4 all 
arm-none-eabi-size   whiteroom.elf 
   text	   data	    bss	    dec	    hex	filename
  42220	    740	   2068	  45028	   afe4	whiteroom.elf
Finished building: default.size.stdout
 
10:16:39 **** Incremental Build of configuration Debug for project whiteroom ****
make -j4 all 
arm-none-eabi-size   whiteroom.elf 
   text	   data	    bss	    dec	    hex	filename
  42220	    740	   2068	  45028	   afe4	whiteroom.elf
Finished building: default.size.stdout
 
