16:34:49 **** Incremental Build of configuration Debug for project whiteroom ****
make -j4 all 
arm-none-eabi-gcc "../Core/Src/main.c" -mcpu=cortex-m4 -std=gnu11 -g3 -DDEBUG -DUSE_HAL_DRIVER -DSTM32F411xE -c -I../Core/Inc -I../Drivers/STM32F4xx_HAL_Driver/Inc -I../Drivers/STM32F4xx_HAL_Driver/Inc/Legacy -I../Drivers/CMSIS/Device/ST/STM32F4xx/Include -I../Drivers/CMSIS/Include -O0 -ffunction-sections -fdata-sections -Wall -fstack-usage -MMD -MP -MF"Core/Src/main.d" -MT"Core/Src/main.o" --specs=nano.specs -mfpu=fpv4-sp-d16 -mfloat-abi=hard -mthumb -o "Core/Src/main.o"
arm-none-eabi-gcc -o "whiteroom.elf" @"objects.list"   -mcpu=cortex-m4 -T"/home/nomad/Documents/Project/STM32F411VE/ProjectCubeIDE/whiteroom/STM32F411VETX_FLASH.ld" --specs=nosys.specs -Wl,-Map="whiteroom.map" -Wl,--gc-sections -static --specs=nano.specs -mfpu=fpv4-sp-d16 -mfloat-abi=hard -mthumb -u _printf_float -u _scanf_float -Wl,--start-group -lc -lm -Wl,--end-group
Finished building target: whiteroom.elf
 
arm-none-eabi-objdump -h -S  whiteroom.elf  > "whiteroom.list"
arm-none-eabi-objcopy  -O binary  whiteroom.elf  "whiteroom.bin"
arm-none-eabi-size   whiteroom.elf 
   text	   data	    bss	    dec	    hex	filename
  45796	    740	   2108	  48644	   be04	whiteroom.elf
Finished building: default.size.stdout
Finished building: whiteroom.bin
 
 
Finished building: whiteroom.list
 
